  4014F0     444D Code                ABBROWSE_TEXT
  405940     1133 Code                ABEIP_TEXT
  406A74     2928 Code                ABERROR_TEXT
  40939C     608B Code                ABFILE_TEXT
  40F428      159 Code                ABFUZZY_TEXT
  40F584     21CC Code                ABPOPUP_TEXT
  411750     2806 Code                ABQUERY_TEXT
  413F58     1D40 Code                ABRESIZE_TEXT
  415C98      6DE Code                ABTOOLBA_TEXT
  416378     2E25 Code                ABUTIL_TEXT
  4191A0     1D8A Code                ABWINDOW_TEXT
  41AF2C       80 Code                CWSYNCHC_TEXT
  41AFAC       23 Code                IEXE32_TEXT
  41AFD0      3AA Code                INIT_TEXT
  41B37C       37 Code                INST00_TEXT
  41B3B4      99A Code                NETTALKSVGUTILITY002_TEXT
  41BD50     13A2 Code                NETTALKSVGUTILITY003_TEXT
  41D0F4      755 Code                NETTALKSVGUTILITY004_TEXT
  41D84C      A64 Code                NETTALKSVGUTILITY_BC0_TEXT
  41E2B0       13 Code                NETTALKSVGUTILITY_BC_TEXT
  41E2C4      26C Code                NETTALKSVGUTILITY_TEXT
  41E530     2699 Code                RESIZEANDSPLIT_TEXT
  420BCC    2E8AB Code                STRINGTHEORY_TEXT
  450000     1290 Initialized Data    $DEFAULTERRORS_DATA
  451290       F3 Initialized Data    ABBROWSE_CONST
  451384      9C4 Initialized Data    ABBROWSE_DATA
  451D48       23 Initialized Data    ABEIP_CONST
  451D6C       B4 Initialized Data    ABEIP_DATA
  451E20      19A Initialized Data    ABERROR_CONST
  451FBC      AD0 Initialized Data    ABERROR_DATA
  452A8C       7A Initialized Data    ABFILE_CONST
  452B08      410 Initialized Data    ABFILE_DATA
  452F18       B4 Initialized Data    ABFUZZY_DATA
  452FCC       2D Initialized Data    ABPOPUP_CONST
  452FFC      128 Initialized Data    ABPOPUP_DATA
  453124       C6 Initialized Data    ABQUERY_CONST
  4531EC       87 Initialized Data    ABQUERY_DATA
  453274       30 Initialized Data    ABRESIZE_CONST
  4532A4      23F Initialized Data    ABRESIZE_DATA
  4534E4      1A0 Initialized Data    ABTOOLBA_DATA
  453684       91 Initialized Data    ABUTIL_CONST
  453718      2F9 Initialized Data    ABUTIL_DATA
  453A14       9B Initialized Data    ABWINDOW_DATA
  453AB0       48 Initialized Data    CWSYNCHC_DATA
  453AF8       44 Initialized Data    IEXE32_DATA
  453B3C       9D Initialized Data    NETTALKSVGUTILITY002_CONST
  453BDC      500 Initialized Data    NETTALKSVGUTILITY002_DATA
  4540DC      359 Initialized Data    NETTALKSVGUTILITY003_CONST
  454438      F3C Initialized Data    NETTALKSVGUTILITY003_DATA
  455374       36 Initialized Data    NETTALKSVGUTILITY004_CONST
  4553AC      3D4 Initialized Data    NETTALKSVGUTILITY004_DATA
  455780       15 Initialized Data    NETTALKSVGUTILITY005_CONST
  455798       AE Initialized Data    NETTALKSVGUTILITY_BC0_CONST
  455848      BA0 Initialized Data    NETTALKSVGUTILITY_BC0_DATA
  4563E8      178 Initialized Data    NETTALKSVGUTILITY_CONST
  456560      25C Initialized Data    NETTALKSVGUTILITY_DATA
  4567BC       31 Initialized Data    RESIZEANDSPLIT_CONST
  4567F0      305 Initialized Data    RESIZEANDSPLIT_DATA
  456AF8     283D Initialized Data    STRINGTHEORY_CONST
  459338      A8C Initialized Data    STRINGTHEORY_DATA
  459DC4        0 Initialized Data    __CPPINI_CONS
  459DC4      268 Initialized Data    __CPPINI_CONST
  45A02C        4 Initialized Data    __CPPINI_END
  45A030        0 Initialized Data    __INIVMT_CONS
  45A030      150 Initialized Data    __INIVMT_CONST
  45A180        0 Initialized Data    __INIVMT_CONST_END
  45A180     1623 Un-initialized Data $FUZZYMATCHER_BSS
  45B7A4       40 Un-initialized Data ABEIP_BSS
  45B7E4      404 Un-initialized Data ABERROR_BSS
  45BBE8       10 Un-initialized Data ABFILE_BSS
  45BBF8        4 Un-initialized Data ABFUZZY_BSS
  45BBFC      104 Un-initialized Data ABUTIL_BSS
  45BD00      19C Un-initialized Data NETTALKSVGUTILITY_BSS
  45BE9C       28 Un-initialized Data STRINGTHEORY_BSS
  45C000        8 __T_L_S__DAT
  45C008      330 __T_L_S__DATA
  45C338        0 __T_L_S__DATA_END
  45C340        0 __T_L_S__BS
  45C340     27CC __T_L_S__BSS
  45EB0C        0 __T_L_S__BSS_END

  401B0C KILL_@_WINDOWCOMPONENT_@_BROWSECLASS@F15WINDOWCOMPONENT
  401B1C RESET_@_WINDOWCOMPONENT_@_BROWSECLASS@F15WINDOWCOMPONENTUc
  401B30 RESETREQUIRED_@_WINDOWCOMPONENT_@_BROWSECLASS@F15WINDOWCOMPONENT
  401B40 SETALERTS_@_WINDOWCOMPONENT_@_BROWSECLASS@F15WINDOWCOMPONENT
  401B54 TAKEEVENT_@_WINDOWCOMPONENT_@_BROWSECLASS@F15WINDOWCOMPONENT
  401B68 UPDATE_@_WINDOWCOMPONENT_@_BROWSECLASS@F15WINDOWCOMPONENT
  401B7C UPDATEWINDOW_@_WINDOWCOMPONENT_@_BROWSECLASS@F15WINDOWCOMPONENT
  401B90 DOSHOWWAITCURSOR@F11BROWSECLASSUc
  401BC8 SHOWWAITCURSOR@F11BROWSECLASSUc
  401BDC SETUSEWAITCURSOR@F11BROWSECLASSUc
  401BE4 UPDATEWINDOW@F11BROWSECLASS
  401DC4 UPDATEVIEWRECORD@F11BROWSECLASS
  401EA8 UPDATETOOLBARBUTTONS@F11BROWSECLASS
  401F30 UPDATETHUMBFIXED@F11BROWSECLASS
  4020E0 UPDATETHUMB@F11BROWSECLASS
  402384 UPDATERESETS@F11BROWSECLASS
  402398 UPDATEBUFFER@F11BROWSECLASS
  4023D0 TAKEVCRSCROLL@F11BROWSECLASSl
  4024B8 TAKESCROLL@F11BROWSECLASSl
  40253C TAKENEWSELECTION@F11BROWSECLASS
  4025D0 TAKELOCATE@F11BROWSECLASS
  402648 TAKEKEY@F11BROWSECLASS
  4028EC TAKEEVENT@F11BROWSECLASS
  402FFC TAKECHOICECHANGED@F11BROWSECLASS
  403064 TAKEACCEPTEDLOCATOR@F11BROWSECLASS
  403158 GETUSEMRP@F11BROWSECLASS
  40315C SETUSEMRP@F11BROWSECLASSUc
  403160 SETUSEPOPUP@F11BROWSECLASSUc
  403164 SETSORT@F11BROWSECLASSUcUc
  4032A0 SETQUEUERECORD@F11BROWSECLASS
  4032C0 SETALERTS@F11BROWSECLASS
  4037D4 SCROLLPAGE@F11BROWSECLASSl
  4038B8 SCROLLONE@F11BROWSECLASSl
  403918 SCROLLEND@F11BROWSECLASSl
  403990 SAVESORT@F11BROWSECLASS
  403A84 RESETTHUMBLIMITS@F11BROWSECLASS
  403BC0 RESETSORT@F11BROWSECLASSUc
  403BE4 RESETRESETS@F11BROWSECLASS
  403BF8 RESETQUEUE@F11BROWSECLASSUc
  4041A0 RESETFROMVIEW@F11BROWSECLASS
  4041D8 RESETFROMFILE@F11BROWSECLASS
  4041FC RESETFROMBUFFER@F11BROWSECLASS
  40426C RESETFROMASK@F11BROWSECLASSRUcRUc
  404464 REPLACESORT@F11BROWSECLASSsb12LOCATORCLASS9STEPCLASS
  40453C RECORDS@F11BROWSECLASS
  4045A4 PREVIOUS@F11BROWSECLASS
  4045F0 POSTNEWSELECTION@F11BROWSECLASS
  404648 NOTIFYUPDATEERROR@F11BROWSECLASS
  404668 NEXT@F11BROWSECLASS
  4046B4 KILL@F11BROWSECLASS
  4048F8 INITSORT@F11BROWSECLASSUc
  40494C INIT@F11BROWSECLASS12ILISTCONTROLBi11BROWSEQUEUE15RELATIONMANAGER13WINDOWMANAGER
  404A58 INIT@F11BROWSECLASSlRsbBiBq15RELATIONMANAGER13WINDOWMANAGER
  404ABC FETCH@F11BROWSECLASSUc
  404D48 CHECKEIP@F11BROWSECLASS
  404E0C ASKRECORD@F11BROWSECLASSUc
  404E20 ASK@F11BROWSECLASSUc
  404EF0 APPLYRANGE@F11BROWSECLASS
  404F5C ADDTOOLBARTARGET@F11BROWSECLASS12TOOLBARCLASS
  404FB0 ADDSORTORDER@F11BROWSECLASS9STEPCLASSBk
  40502C ADDFIELD@F11BROWSECLASSRsbRsb
  405088 RECORDS_@_BROWSEQUEUE_@_STANDARDBEHAVIOR@F11BROWSEQUEUE
  405094 INSERT_@_BROWSEQUEUE_@_STANDARDBEHAVIOR@F11BROWSEQUEUE
  4050A0 INSERT_@_BROWSEQUEUE_@_STANDARDBEHAVIOR@F11BROWSEQUEUEl
  4050AC FETCH_@_BROWSEQUEUE_@_STANDARDBEHAVIOR@F11BROWSEQUEUEl
  4050B8 UPDATE_@_BROWSEQUEUE_@_STANDARDBEHAVIOR@F11BROWSEQUEUE
  4050C4 DELETE_@_BROWSEQUEUE_@_STANDARDBEHAVIOR@F11BROWSEQUEUE
  4050D0 FREE_@_BROWSEQUEUE_@_STANDARDBEHAVIOR@F11BROWSEQUEUE
  4050DC WHO_@_BROWSEQUEUE_@_STANDARDBEHAVIOR@F11BROWSEQUEUEl
  4050EC GETVIEWPOSITION_@_BROWSEQUEUE_@_STANDARDBEHAVIOR@F11BROWSEQUEUE
  405104 SETVIEWPOSITION_@_BROWSEQUEUE_@_STANDARDBEHAVIOR@F11BROWSEQUEUEsb
  40513C CHOICE_@_ILISTCONTROL_@_STANDARDBEHAVIOR@F12ILISTCONTROL
  405148 GETCONTROL_@_ILISTCONTROL_@_STANDARDBEHAVIOR@F12ILISTCONTROL
  40514C GETITEMS_@_ILISTCONTROL_@_STANDARDBEHAVIOR@F12ILISTCONTROL
  405180 GETVISIBLE_@_ILISTCONTROL_@_STANDARDBEHAVIOR@F12ILISTCONTROL
  4051B4 SETCHOICE_@_ILISTCONTROL_@_STANDARDBEHAVIOR@F12ILISTCONTROLl
  405208 SETCONTROL_@_ILISTCONTROL_@_STANDARDBEHAVIOR@F12ILISTCONTROLl
  40520C GETSELECTEDITEM_@_ILISTCONTROL_@_STANDARDBEHAVIOR@F12ILISTCONTROL
  405268 INIT@F16STANDARDBEHAVIORBqRsbl
  405280 TAKENEWSELECTION@F16BROWSEEIPMANAGER
  405318 TAKECOMPLETED@F16BROWSEEIPMANAGERUc
  405500 KILL@F16BROWSEEIPMANAGER
  405534 INIT@F16BROWSEEIPMANAGER
  4058F8 CLEARCOLUMN@F16BROWSEEIPMANAGER
  405940 TAKENEWSELECTION@F10EIPMANAGER
  4059B8 TAKEFOCUSLOSS@F10EIPMANAGER
  405A0C TAKEFIELDEVENT@F10EIPMANAGER
  405B5C TAKEEVENT@F10EIPMANAGER
  405BEC TAKECOMPLETED@F10EIPMANAGERUc
  405C38 TAKEACTION@F10EIPMANAGERl
  405F40 TAKEACCEPTALL@F10EIPMANAGER
  40608C RUN@F10EIPMANAGERUc
  406124 RESETCOLUMN@F10EIPMANAGER
  4061EC GETEDIT@F10EIPMANAGER
  406248 NEXT@F10EIPMANAGER
  406324 KILL@F10EIPMANAGER
  4064AC INITCONTROLS@F10EIPMANAGER
  4066B8 INIT@F10EIPMANAGER
  406728 CLEARCOLUMN@F10EIPMANAGER
  406770 ADDCONTROL@F10EIPMANAGER9EDITCLASSlUc
  4067CC CREATECONTROL@F14EDITENTRYCLASS
  4067F0 RESETCONTROL@F9EDITCLASS
  4067F4 GETFEQ@F9EDITCLASS
  4067F8 TAKEEVENT@F9EDITCLASSl
  406840 TAKEACCEPTED@F9EDITCLASSUc
  406858 SETREADONLY@F9EDITCLASSUc
  4068B4 SETALERTS@F9EDITCLASS
  4069B4 KILL@F9EDITCLASS
  4069E4 INIT@F9EDITCLASSllRu
  406B90 KILL_@_WINDOWCOMPONENT_@_HISTHANDLERCLASS@F15WINDOWCOMPONENT
  406B94 RESET_@_WINDOWCOMPONENT_@_HISTHANDLERCLASS@F15WINDOWCOMPONENTUc
  406B98 RESETREQUIRED_@_WINDOWCOMPONENT_@_HISTHANDLERCLASS@F15WINDOWCOMPONENT
  406B9C SETALERTS_@_WINDOWCOMPONENT_@_HISTHANDLERCLASS@F15WINDOWCOMPONENT
  406BA0 TAKEEVENT_@_WINDOWCOMPONENT_@_HISTHANDLERCLASS@F15WINDOWCOMPONENT
  406BA8 UPDATE_@_WINDOWCOMPONENT_@_HISTHANDLERCLASS@F15WINDOWCOMPONENT
  406BAC UPDATEWINDOW_@_WINDOWCOMPONENT_@_HISTHANDLERCLASS@F15WINDOWCOMPONENT
  406BC0 VLBPROC@F16HISTHANDLERCLASSls
  406C6C TAKEEVENT@F16HISTHANDLERCLASS
  406D34 INIT@F16HISTHANDLERCLASSBw10ERRORCLASS16ERRORHISTORYLIST
  406D40 _VLBPROC@F16HISTHANDLERCLASSls
  406D50 TAKEACCEPTED@F11MSGBOXCLASS
  406D8C SETUPADDITIONALFEQS@F11MSGBOXCLASS
  406E14 KILL@F11MSGBOXCLASS
  406E54 INIT@F11MSGBOXCLASS
  407104 INIT@F11MSGBOXCLASSBw10ERRORCLASSOsbllll
  40719C FETCHSTDBUTTON@F11MSGBOXCLASSs
  4071D0 GETALLSTATUSVARIABLES@F10ERRORCLASS16ERRORSTATUSGROUP
  407200 GETERRORBUFFERFATALITY@F10ERRORCLASS
  407230 GETERRORBUFFERTITLE@F10ERRORCLASS
  407268 GETERRORBUFFERID@F10ERRORCLASS
  40728C SETMESSAGETEXT@F10ERRORCLASSsb
  4072DC SETKEYNAME@F10ERRORCLASSsb
  40732C SETFIELDNAME@F10ERRORCLASSsb
  40737C SETFILENAME@F10ERRORCLASSsb
  4073CC STOREERRORENTRY@F10ERRORCLASSUs
  4074FC GETHISTORYRESETONVIEW@F10ERRORCLASS
  407548 SETHISTORYRESETONVIEW@F10ERRORCLASSUc
  407590 GETHISTORYVIEWLEVEL@F10ERRORCLASS
  4075DC SETHISTORYVIEWLEVEL@F10ERRORCLASSl
  407624 GETHISTORYTHRESHOLD@F10ERRORCLASS
  407670 SETHISTORYTHRESHOLD@F10ERRORCLASSl
  4076B8 GETLOGERRORS@F10ERRORCLASS
  407704 GETSILENT@F10ERRORCLASS
  407750 SETDEFAULTCATEGORY@F10ERRORCLASSsa
  407798 GETDEFAULTCATEGORY@F10ERRORCLASS
  4077E4 VIEWHISTORY@F10ERRORCLASS
  407810 THROWMESSAGE@F10ERRORCLASSssb
  407860 THROW@F10ERRORCLASSs
  407874 TAKEUSER@F10ERRORCLASS
  4078E0 TAKEPROGRAM@F10ERRORCLASS
  4078E8 TAKEOTHER@F10ERRORCLASS
  4078F0 TAKENOTIFY@F10ERRORCLASS
  407948 TAKEFATAL@F10ERRORCLASS
  4079D8 TAKEERROR@F10ERRORCLASSs
  407BDC TAKEBENIGN@F10ERRORCLASS
  407BE0 SUBSSTRING@F10ERRORCLASS
  407FBC SETPROCEDURENAME@F10ERRORCLASSOsb
  40806C GETERRORENTRY@F10ERRORCLASSUs15ERRORENTRYGROUPl
  408110 GETERRORENTRY@F10ERRORCLASSUs15ERRORENTRYGROUP
  408144 SETID@F10ERRORCLASSUsl
  40817C SETID@F10ERRORCLASSUs
  408198 SETKEY@F10ERRORCLASSsb
  4081D4 SETFILE@F10ERRORCLASSsb
  408210 SETFIELD@F10ERRORCLASSsb
  40824C SETERRORS@F10ERRORCLASS
  4082EC SETERRORLOG@F10ERRORCLASS17ERRORLOGINTERFACE
  40838C SETCATEGORY@F10ERRORCLASSssa
  4083D8 RESETHISTORY@F10ERRORCLASS
  408400 REMOVEERROR@F10ERRORCLASSUs
  408440 MESSAGEBOX@F10ERRORCLASSUcsbOsbOsblll
  4084D8 MSG@F10ERRORCLASSsbOsbOsblll
  408824 MESSAGE@F10ERRORCLASSsll
  408898 KILL@F10ERRORCLASS
  40893C INIT@F10ERRORCLASS16ERRORSTATUSCLASS
  408998 INIT@F10ERRORCLASS
  408A6C HISTORYMSG@F10ERRORCLASSsblll
  408C2C GETPROCEDURENAME@F10ERRORCLASS
  408D00 GETCATEGORY@F10ERRORCLASSs
  408D88 ADDHISTORY@F10ERRORCLASS
  408DB8 ADDERRORS@F10ERRORCLASS10ERRORBLOCK
  408F64 ADDERROR@F10ERRORCLASSUsRsbRsbUcsa
  409010 DESTRUCT@F10ERRORCLASS
  40902C CONSTRUCT@F10ERRORCLASS
  409044 DESTRUCT@F16ERRORSTATUSCLASS
  409078 CONSTRUCT@F16ERRORSTATUSCLASS
  4091B0 CLOSE_@_ERRORLOGINTERFACE_@_STANDARDERRORLOGCLASS@F17ERRORLOGINTERFACEUc
  4091B8 OPEN_@_ERRORLOGINTERFACE_@_STANDARDERRORLOGCLASS@F17ERRORLOGINTERFACEUc
  4091C0 TAKE_@_ERRORLOGINTERFACE_@_STANDARDERRORLOGCLASS@F17ERRORLOGINTERFACEsb
  409264 CLOSE@F21STANDARDERRORLOGCLASSUc
  4092E0 OPEN@F21STANDARDERRORLOGCLASSUc
  409388 DESTRUCT@F21STANDARDERRORLOGCLASS
  409394 CONSTRUCT@F21STANDARDERRORLOGCLASS
  4095E0 REMOVERELATIONFILEMAPPING@F12FILESMANAGER15RELATIONMANAGER
  409600 REMOVERELATIONFILEMAPPING@F12FILESMANAGERl
  40961C REMOVEFILEMAPPING@F12FILESMANAGER11FILEMANAGER
  409638 REMOVEFILEMAPPING@F12FILESMANAGERl
  409654 NOTEUSAGE@F12FILESMANAGER11FILEMANAGERUc
  40972C NOTEOPEN@F12FILESMANAGER11FILEMANAGER
  409770 NOTECLOSE@F12FILESMANAGER11FILEMANAGER
  409800 GETRELATIONFILEMAPPING@F12FILESMANAGERl
  409838 GETFILEMAPPING@F12FILESMANAGERl
  409870 GETFILEID@F12FILESMANAGERBf
  409888 FINDRECORD@F12FILESMANAGER11FILEMANAGER
  409934 ADDFILEMAPPING@F12FILESMANAGER15RELATIONMANAGER
  409990 ADDFILEMAPPING@F12FILESMANAGER11FILEMANAGER
  4099EC DESTRUCT@F12FILESMANAGER
  409A2C CONSTRUCT@F12FILESMANAGER
  40A184 OPENFILE_@_IFILEOPENSERVER_@_UNTHREADEDFILEOPENSERVER@F15IFILEOPENSERVERl
  40A214 CLOSEFILE_@_IFILEOPENSERVER_@_UNTHREADEDFILEOPENSERVER@F15IFILEOPENSERVER
  40A294 LINK_@_IFILEOPENSERVER_@_UNTHREADEDFILEOPENSERVER@F15IFILEOPENSERVER
  40A2E4 RELEASE_@_IFILEOPENSERVER_@_UNTHREADEDFILEOPENSERVER@F15IFILEOPENSERVER
  40A370 INIT@F24UNTHREADEDFILEOPENSERVERBf
  40A384 DESTRUCT@F24UNTHREADEDFILEOPENSERVER
  40A3A8 CONSTRUCT@F24UNTHREADEDFILEOPENSERVER
  40A3D8 OPENFILE_@_IFILEOPENSERVER_@_THREADEDFILEOPENSERVER@F15IFILEOPENSERVERl
  40A404 CLOSEFILE_@_IFILEOPENSERVER_@_THREADEDFILEOPENSERVER@F15IFILEOPENSERVER
  40A414 LINK_@_IFILEOPENSERVER_@_THREADEDFILEOPENSERVER@F15IFILEOPENSERVER
  40A420 RELEASE_@_IFILEOPENSERVER_@_THREADEDFILEOPENSERVER@F15IFILEOPENSERVER
  40A42C RELEASE@F14FILEOPENSERVER
  40A458 LINK@F14FILEOPENSERVER
  40A45C INIT@F14FILEOPENSERVERBf
  40A460 DESTRUCT@F14FILEOPENSERVER
  40A468 CONSTRUCT@F14FILEOPENSERVER
  40A474 VALIDATERECORD@F11VIEWMANAGER
  40A478 UNUSEVIEW@F11VIEWMANAGER
  40A510 USEVIEW@F11VIEWMANAGER
  40A5D4 SETSORT@F11VIEWMANAGERUc
  40A600 SETORDER@F11VIEWMANAGERsb
  40A690 SETFILTER@F11VIEWMANAGERsbsb
  40A7CC SETFILTER@F11VIEWMANAGERsb
  40A814 SAVEBUFFERS@F11VIEWMANAGER
  40A8C4 RESTOREBUFFERS@F11VIEWMANAGER
  40A92C RESET@F11VIEWMANAGER
  40A938 RESET@F11VIEWMANAGERUc
  40A980 PRIMERECORD@F11VIEWMANAGERUc
  40AAC4 PREVIOUS@F11VIEWMANAGER
  40AB28 OPEN@F11VIEWMANAGER
  40ABA4 NEXT@F11VIEWMANAGER
  40AC08 KILL@F11VIEWMANAGER
  40AD60 INIT@F11VIEWMANAGERBi15RELATIONMANAGER9SORTORDER
  40ADC0 GETFREEELEMENTPOSITION@F11VIEWMANAGER
  40AE18 GETFREEELEMENTNAME@F11VIEWMANAGER
  40AE6C GETFREEELEMENTASCENDING@F11VIEWMANAGER
  40AEC4 CLEARFILESRECORD@F11VIEWMANAGER
  40AF7C CLOSE@F11VIEWMANAGERUc
  40AF98 CLOSE@F11VIEWMANAGER
  40AFA4 APPLYRANGE@F11VIEWMANAGER
  40B170 APPLYORDER@F11VIEWMANAGER
  40B1C8 APPLYFILTER@F11VIEWMANAGER
  40B72C APPENDORDER@F11VIEWMANAGERsb
  40B80C ADDSORTORDER@F11VIEWMANAGERBk
  40B8D8 DESTRUCT@F11VIEWMANAGER
  40B8EC DEFEREDADDRELATIONS@F15RELATIONMANAGER
  40B8F0 UPDATESECONDARY@F15RELATIONMANAGERBk18BUFFEREDPAIRSCLASSUc
  40BA80 UPDATE@F15RELATIONMANAGERUc
  40BC94 INSERT@F15RELATIONMANAGER
  40BDEC SETOPENRELATED@F15RELATIONMANAGER
  40BDF4 SETQUICKSCAN@F15RELATIONMANAGERUcUc
  40BF00 SAVE@F15RELATIONMANAGER
  40BF48 FORCEOPEN@F15RELATIONMANAGERUc
  40BF58 OPEN@F15RELATIONMANAGERUc
  40BF80 OPENCLOSESERVER@F15RELATIONMANAGERUcUc
  40C104 LOGOUTINSERT@F15RELATIONMANAGER
  40C198 LOGOUTUPDATE@F15RELATIONMANAGER
  40C204 LOGOUTPRIME@F15RELATIONMANAGER
  40C2E4 LOGOUTDELETE@F15RELATIONMANAGER
  40C360 KILL@F15RELATIONMANAGER
  40C3E4 INIT@F15RELATIONMANAGER11FILEMANAGERUc
  40C41C DELETESECONDARY@F15RELATIONMANAGERBk18BUFFEREDPAIRSCLASSUcUc
  40C6B4 DELETE@F15RELATIONMANAGERUc
  40C900 CLOSE@F15RELATIONMANAGERUc
  40C90C CASCADEUPDATES@F15RELATIONMANAGER
  40C9E8 CANCELAUTOINC@F15RELATIONMANAGER
  40C9FC ADDRELATIONLINK@F15RELATIONMANAGERRsbRsb
  40CA64 ADDRELATION@F15RELATIONMANAGER15RELATIONMANAGERUcUcBk
  40CAC4 ADDRELATION@F15RELATIONMANAGER15RELATIONMANAGER
  40CAF0 DEFEREDRELATIONS@F15RELATIONMANAGER
  40CB18 CONSTRUCT@F15RELATIONMANAGER
  40CB20 FUNCTIONCALLED_@_FILECALLBACKINTERFACE_@_FILEMANAGER@F21FILECALLBACKINTERFACEl6PARAMSRscRsc
  40CBCC FUNCTIONDONE_@_FILECALLBACKINTERFACE_@_FILEMANAGER@F21FILECALLBACKINTERFACEl6PARAMSRscRsc
  40CD18 POSTCREATE@F11FILEMANAGERRscRsc
  40CD20 PRECREATE@F11FILEMANAGERRscRsc
  40CD28 POSTFETCH@F11FILEMANAGERlBksbllRscRsc
  40CD4C PREFETCH@F11FILEMANAGERlBksbllRscRsc
  40CD70 POSTUPDATE@F11FILEMANAGERRscRsc
  40CD78 PREUPDATE@F11FILEMANAGERllRscRsc
  40CD80 POSTINSERT@F11FILEMANAGERRscRsc
  40CD88 PREINSERT@F11FILEMANAGERllRscRsc
  40CD90 POSTDELETE@F11FILEMANAGERRscRsc
  40CD98 PREDELETE@F11FILEMANAGERRscRsc
  40CDA0 FUNCTIONDONE@F11FILEMANAGERl6PARAMSRscRsc
  40CED4 FUNCTIONCALLED@F11FILEMANAGERl6PARAMSRscRsc
  40D038 GETHASAUTOINC@F11FILEMANAGER
  40D040 GETAUTOINCDONE@F11FILEMANAGER
  40D048 GETMRPSIZE@F11FILEMANAGER
  40D050 SETMRPSIZE@F11FILEMANAGERUc
  40D058 GETUSEMRP@F11FILEMANAGER
  40D060 SETUSEMRP@F11FILEMANAGERUc
  40D068 DELETED@F11FILEMANAGER
  40D06C DELETERECORD@F11FILEMANAGERUc
  40D0C0 VALIDATERECORD@F11FILEMANAGERPl
  40D178 VALIDATEFIELDS@F11FILEMANAGERllPl
  40D234 VALIDATEFIELDSERVER@F11FILEMANAGERlUc
  40D2A0 TRYVALIDATEFIELD@F11FILEMANAGERl
  40D2B0 VALIDATEFIELD@F11FILEMANAGERl
  40D2C0 USEFILE@F11FILEMANAGERUc
  40D3B4 UPDATESERVER@F11FILEMANAGERUc
  40D4AC UPDATE@F11FILEMANAGER
  40D4B8 TRYUPDATE@F11FILEMANAGER
  40D4C4 TRYREGET@F11FILEMANAGERsb
  40D56C TRYPRIMEAUTOINC@F11FILEMANAGER
  40D578 TRYPREVIOUS@F11FILEMANAGER
  40D588 TRYOPEN@F11FILEMANAGER
  40D598 TRYNEXT@F11FILEMANAGER
  40D5A8 TRYINSERT@F11FILEMANAGER
  40D5B4 TRYFETCH@F11FILEMANAGERBk
  40D5FC THROWMESSAGE@F11FILEMANAGERUssb
  40D650 THROW@F11FILEMANAGER
  40D674 THROW@F11FILEMANAGERUs
  40D68C SETKEY@F11FILEMANAGERBk
  40D6E4 SETERRORS@F11FILEMANAGER10ERRORCLASS
  40D6E8 SETERROR@F11FILEMANAGERUs
  40D700 SAVEFILE@F11FILEMANAGER
  40D81C SAVEBUFFER@F11FILEMANAGER
  40D974 RESTOREFILE@F11FILEMANAGERRUs11FILEMANAGERUc
  40DAA4 RESTOREFILE@F11FILEMANAGERRUsUc
  40DAB4 RESTOREBUFFER@F11FILEMANAGERRUs11FILEMANAGERUc
  40DC24 RESTOREBUFFER@F11FILEMANAGERRUsUc
  40DC34 PRIMERECORD@F11FILEMANAGERUc
  40DD40 PRIMEFIELDS@F11FILEMANAGER
  40DD44 PRIMEAUTOINCSERVER@F11FILEMANAGERUc
  40E2F4 PRIMEAUTOINC@F11FILEMANAGER
  40E300 PREVIOUS@F11FILEMANAGER
  40E310 POSITION@F11FILEMANAGER
  40E390 OPENSERVER@F11FILEMANAGERUcUc
  40E3F0 OPENFILE@F11FILEMANAGERUc
  40E610 OPEN@F11FILEMANAGER
  40E620 NEXTSERVER@F11FILEMANAGERUcUc
  40E73C NEXT@F11FILEMANAGER
  40E74C KILL@F11FILEMANAGER
  40E790 KEYTOORDER@F11FILEMANAGERBkUc
  40E8DC ISOPENED@F11FILEMANAGER
  40E8FC INSERTSERVER@F11FILEMANAGERUc
  40EB14 INSERT@F11FILEMANAGER
  40EB20 INIT@F11FILEMANAGERBf10ERRORCLASS
  40EC00 INIT@F11FILEMANAGER
  40EC3C GETOPENED@F11FILEMANAGER
  40EC44 GETNAME@F11FILEMANAGER
  40ECCC GETFIELDNAME@F11FILEMANAGERBkUc
  40ED1C GETFIELDASCENDING@F11FILEMANAGERBkUc
  40ED50 GETFIELD@F11FILEMANAGERBkUc
  40ED8C GETEOF@F11FILEMANAGER
  40ED94 GETCOMPONENTS@F11FILEMANAGERBk
  40EDB0 FETCH@F11FILEMANAGERBk
  40EDE8 EQUALBUFFER@F11FILEMANAGERRUs
  40EF24 CLOSE@F11FILEMANAGER
  40EFB8 CLEARKEY@F11FILEMANAGERBkUcUcUc
  40F068 CANCELAUTOINC@F11FILEMANAGER15RELATIONMANAGER
  40F0D8 BINDFIELDS@F11FILEMANAGER
  40F0FC ADDKEY@F11FILEMANAGERBksbUc
  40F3F4 DESTRUCT@F11FILEMANAGER
  40F428 SETOPTION@F10FUZZYCLASSUcUc
  40F48C KILL@F10FUZZYCLASS
  40F490 INIT@F10FUZZYCLASS
  40F4A4 CONSTRUCT@F10FUZZYCLASS
  40F818 TOOLBOX@F10POPUPCLASSsb
  40F8A4 SETTOOLBOX@F10POPUPCLASSsbUc
  40F910 SETICON@F10POPUPCLASSsbsb
  40F988 SETITEMENABLE@F10POPUPCLASSsbUc
  40FA34 SETITEM@F10POPUPCLASSllsbsb
  40FC50 RESETTOOLBOX@F10POPUPCLASS
  410058 LOCATENAME@F10POPUPCLASSsb
  4100DC KILL@F10POPUPCLASS
  4100F8 INIT@F10POPUPCLASS
  41012C GETNAME@F10POPUPCLASSl
  410254 GETMENUTEXT@F10POPUPCLASS
  41053C GETLASTSELECTION@F10POPUPCLASS
  41054C GETITEMS@F10POPUPCLASSUc
  4105F8 EXECUTEPOPUP@F10POPUPCLASSsbllUc
  4106D0 EMPTYITEMS@F10POPUPCLASS
  4106DC DELETEITEM@F10POPUPCLASSsb
  410724 CHECKMIMICS@F10POPUPCLASS
  4108E4 ASKTOOLBOX@F10POPUPCLASSsb
  410D88 ASK@F10POPUPCLASSllUc
  410EE4 ASK@F10POPUPCLASSll
  410EF4 ADDSUBMENU@F10POPUPCLASSsbsbsb
  410FB4 ADDSUBMENU@F10POPUPCLASSsbsb
  41101C ADDMENU@F10POPUPCLASSsbUc
  411178 ADDITEMMIMIC@F10POPUPCLASSsblOsb
  411258 ADDITEMEVENT@F10POPUPCLASSsbll
  41133C ADDITEM@F10POPUPCLASSsbsbsbUc
  4113D0 ADDITEM@F10POPUPCLASSsbsb
  411440 ADDITEM@F10POPUPCLASSsb
  411E9C CLEARQUERY@F10QUERYCLASS
  411F44 GETQUERIES@F10QUERYCLASS11SECTORQUEUE
  411FE4 RESTORE@F10QUERYCLASSsb
  412778 TAKE@F10QUERYCLASS10POPUPCLASS
  412818 SAVE@F10QUERYCLASSsb
  412974 SETQUICKPOPUP@F10QUERYCLASS10POPUPCLASSUs
  412F2C QUOTE@F10QUERYCLASSsb
  413010 GETLIMIT@F10QUERYCLASSRscRscRUcUcRsc
  4135D4 GETFILTER@F10QUERYCLASS
  413AE0 MAKEOPERATOR@FsbsbRscRsc
  413EAC MAKEOPERATOR@Fsbsb
  4140B0 SETPRIORITIES@F17WINDOWRESIZECLASS13POSITIONGROUP
  4140FC SETSIZE@F17WINDOWRESIZECLASSl13POSITIONGROUP
  4141B0 GETSIZEINFO@F17WINDOWRESIZECLASSl13POSITIONGROUP
  4142C4 RESTORECONTROLS@F17WINDOWRESIZECLASS
  414318 TAKERESIZE@F17WINDOWRESIZECLASS
  414320 SETPOSITION@F17WINDOWRESIZECLASSl13POSITIONGROUP13POSITIONGROUP13POSITIONGROUP13POSITIONGROUP
  414A04 SETPARENTDEFAULT@F17WINDOWRESIZECLASS
  414CF0 SETPARENTDEFAULTS@F17WINDOWRESIZECLASS
  414D2C SETPARENTCONTROL@F17WINDOWRESIZECLASSll
  414DA0 RESTOREWINDOW@F17WINDOWRESIZECLASS
  414E4C WINDOWRESIZEEND@F17WINDOWRESIZECLASS
  414E50 WINDOWRESIZEBEGIN@F17WINDOWRESIZECLASS
  414E54 RESIZECHILDREN@F17WINDOWRESIZECLASSl13POSITIONGROUP13POSITIONGROUP
  41501C RESIZE@F17WINDOWRESIZECLASSl
  415354 RESIZE@F17WINDOWRESIZECLASS
  415364 RESET@F17WINDOWRESIZECLASS
  415654 KILL@F17WINDOWRESIZECLASS
  4156E0 INIT@F17WINDOWRESIZECLASSUcUcUc
  4158F0 GETCURRENTPOS@F17WINDOWRESIZECLASSl13POSITIONGROUP
  41592C GETORIGPOS@F17WINDOWRESIZECLASSl13POSITIONGROUP
  41597C GETRESIZESTRATEGY@F17WINDOWRESIZECLASSsOUc
  415AFC GETPOSITIONSTRATEGY@F17WINDOWRESIZECLASSsOUc
  415C74 GETPARENTCONTROL@F17WINDOWRESIZECLASSl
  415C98 TAKEEVENT@F12TOOLBARCLASSPl13WINDOWMANAGER
  415CC4 SETTARGET@F12TOOLBARCLASSl
  415D6C KILL@F12TOOLBARCLASS
  415D84 INIT@F12TOOLBARCLASS
  415DA4 DISPLAYBUTTONS@F12TOOLBARCLASS
  415DCC ADDTARGET@F12TOOLBARCLASS13TOOLBARTARGETl
  415E00 TRYTAKETOOLBAR@F19TOOLBARLISTBOXCLASS
  415E54 TAKEEVENT@F19TOOLBARLISTBOXCLASSPl13WINDOWMANAGER
  415F9C TAKETOOLBAR@F19TOOLBARLISTBOXCLASS
  415FC0 DISPLAYBUTTONS@F19TOOLBARLISTBOXCLASS
  415FEC TAKEEVENT@F13TOOLBARTARGETPl13WINDOWMANAGER
  41606C DISPLAYBUTTONS@F13TOOLBARTARGET
  416250 SETTIPS@Fsb
  416378 SETMASK@F15SELECTFILECLASSsbsb
  4163F4 SETMASK@F15SELECTFILECLASSsb
  416444 ASK@F15SELECTFILECLASSUc
  4165AC ADDMASK@F15SELECTFILECLASSsb
  416668 INIT@F15SELECTFILECLASS
  416690 UPDATEQUEUE@F8INICLASSsbsbBqRuPuPuPu
  4168B4 UPDATE@F8INICLASSsbsbsb
  416970 UPDATE@F8INICLASSsbBw
  416B50 UPDATE@F8INICLASS
  416B54 TRYFETCH@F8INICLASSsbsb
  416BCC REMOVE@F8INICLASSsbsb
  416D34 KILL@F8INICLASS
  416E6C INIT@F8INICLASSsbll
  416F84 GETSECTORS@F8INICLASSOsbOsbOsb11SECTORQUEUE
  417194 GETSECTOR@F8INICLASSsbsbsb
  417284 GETFAMILY@F8INICLASSsbRscRscRsc
  417408 FETCHQUEUE@F8INICLASSsbsbBqRuPuPuPu
  41767C FETCHFIELD@F8INICLASSsbsbUc
  4177BC FETCH@F8INICLASSsbsbRu
  417880 FETCH@F8INICLASSsbBw
  417AE0 FETCH@F8INICLASSsbsb
  417BB8 FETCH@F8INICLASS
  417BBC ADDSECTOR@F8INICLASSsb
  417C9C UPDATEWINDOWINFO@F8INICLASSsb10WINDOWINFO
  417F08 FETCHWINDOWINFO@F8INICLASSsb10WINDOWINFO
  418180 UPDATE@F8INICLASSsbsbsbsb
  41836C FETCH@F8INICLASSsbsbsbsb
  418590 DESTRUCT@F8INICLASS
  4185AC CONSTRUCT@F8INICLASS
  4185C0 KILL@F18BUFFEREDPAIRSCLASS
  41863C INIT@F18BUFFEREDPAIRSCLASS
  41865C EQUALRIGHTBUFFER@F18BUFFEREDPAIRSCLASSUc
  4186EC EQUALLEFTBUFFER@F18BUFFEREDPAIRSCLASSUc
  418778 EQUALRIGHTBUFFER@F18BUFFEREDPAIRSCLASS
  418784 EQUALLEFTBUFFER@F18BUFFEREDPAIRSCLASS
  418790 ASSIGNRIGHTTOBUFFER@F18BUFFEREDPAIRSCLASS
  4187D8 ASSIGNLEFTTOBUFFER@F18BUFFEREDPAIRSCLASS
  41881C ASSIGNBUFFERTORIGHT@F18BUFFEREDPAIRSCLASS
  418864 ASSIGNBUFFERTOLEFT@F18BUFFEREDPAIRSCLASS
  4188A8 ADDPAIR@F18BUFFEREDPAIRSCLASSRuRu
  418948 INIT@F15FIELDPAIRSCLASS
  418964 KILL@F15FIELDPAIRSCLASS
  4189C8 EQUALLEFTRIGHT@F15FIELDPAIRSCLASS
  418A18 EQUAL@F15FIELDPAIRSCLASS
  418A20 CLEARRIGHT@F15FIELDPAIRSCLASS
  418A5C CLEARLEFT@F15FIELDPAIRSCLASS
  418A94 ASSIGNRIGHTTOLEFT@F15FIELDPAIRSCLASS
  418AD8 ASSIGNLEFTTORIGHT@F15FIELDPAIRSCLASS
  418B1C ADDPAIR@F15FIELDPAIRSCLASSRuRu
  418B60 NEXT@F13CONSTANTCLASS
  418D1C SET@F13CONSTANTCLASSRsb
  418D70 RESET@F13CONSTANTCLASS
  418DC0 KILL@F13CONSTANTCLASS
  418E20 INIT@F13CONSTANTCLASSUc
  418E64 GETCSTRING@F13CONSTANTCLASS
  418EE4 GETPSTRING@F13CONSTANTCLASS
  418F70 GETLONG@F13CONSTANTCLASS
  418F94 GETUSHORT@F13CONSTANTCLASS
  418FBC GETSHORT@F13CONSTANTCLASS
  418FC4 GETBYTE@F13CONSTANTCLASS
  418FD8 ADDITEM@F13CONSTANTCLASSUcRu
  419014 CONSTRUCT@F13CONSTANTCLASS
  41902C REMOVEDOLLAR@Fsb
  419100 ADDDOLLAR@Fsb
  419284 ONCLOSEEVENTCANCELLED@F13WINDOWMANAGER
  41929C SAVEONINSERTACTION@F13WINDOWMANAGER
  419340 SAVEONCHANGEACTION@F13WINDOWMANAGER
  419458 DELETEACTION@F13WINDOWMANAGER
  41960C CHANGEACTION@F13WINDOWMANAGER
  41997C INSERTACTION@F13WINDOWMANAGER
  419B6C TAKEDISABLEBUTTON@F13WINDOWMANAGERlUc
  419B94 UPDATE@F13WINDOWMANAGER
  419BD0 TAKEWINDOWEVENT@F13WINDOWMANAGER
  419DF8 TAKESELECTED@F13WINDOWMANAGER
  419DFC TAKEREJECTED@F13WINDOWMANAGER
  419E38 TAKENOTIFY@F13WINDOWMANAGERlll
  419E3C TAKENEWSELECTION@F13WINDOWMANAGER
  419EBC TAKEFIELDEVENT@F13WINDOWMANAGER
  419EC0 TAKEEVENT@F13WINDOWMANAGER
  41A074 TAKECLOSEEVENT@F13WINDOWMANAGER
  41A1F4 TAKECOMPLETED@F13WINDOWMANAGER
  41A2CC TAKEACCEPTED@F13WINDOWMANAGER
  41A3B8 SETRESPONSE@F13WINDOWMANAGERUc
  41A404 SETALERTS@F13WINDOWMANAGER
  41A4B4 SAVEHISTORY@F13WINDOWMANAGER
  41A55C RUN@F13WINDOWMANAGERUsUc
  41A560 RUN@F13WINDOWMANAGER
  41A5AC RESTOREFIELD@F13WINDOWMANAGERl
  41A680 RESETBUFFERS@F13WINDOWMANAGERUc
  41A6E4 RESET@F13WINDOWMANAGERUc
  41A76C PRIMEUPDATE@F13WINDOWMANAGER
  41A8B0 PRIMEFIELDS@F13WINDOWMANAGER
  41A8B4 POSTCOMPLETED@F13WINDOWMANAGER
  41A94C OPEN@F13WINDOWMANAGERBwBw
  41A994 OPEN@F13WINDOWMANAGER
  41A9D8 MODALEVENT@F13WINDOWMANAGER
  41AABC KILL@F13WINDOWMANAGER
  41AC10 INIT@F13WINDOWMANAGER
  41AC8C REMOVEITEM@F13WINDOWMANAGER15WINDOWCOMPONENT
  41ACC4 ASK@F13WINDOWMANAGER
  41AD28 ADDUPDATEFILE@F13WINDOWMANAGER11FILEMANAGER
  41AD68 ADDITEM@F13WINDOWMANAGER17WINDOWRESIZECLASS
  41AD70 ADDITEM@F13WINDOWMANAGER15WINDOWCOMPONENT
  41AD9C ADDITEM@F13WINDOWMANAGER12TOOLBARCLASS
  41ADB0 ADDITEM@F13WINDOWMANAGERlUc
  41ADD4 ADDITEM@F13WINDOWMANAGER11BROWSECLASS
  41ADFC ADDHISTORYFILE@F13WINDOWMANAGERRgRg
  41AE54 ADDHISTORYFIELD@F13WINDOWMANAGERll
  41AE7C DISABLECANCELCONTROLS@F13WINDOWMANAGER
  41AED4 ENABLECANCELCONTROLS@F13WINDOWMANAGER
  41AF2C GETIFACE@F15CRITICALSECTION
  41AF30 DESTRUCT@F15CRITICALSECTION
  41AF44 CONSTRUCT@F15CRITICALSECTION
  41AF58 KILL@F17CRITICALPROCEDURE
  41AF7C INIT@F17CRITICALPROCEDURE11ISYNCOBJECT
  41AF9C DESTRUCT@F17CRITICALPROCEDURE
  41AFA4 CONSTRUCT@F17CRITICALPROCEDURE
  41B37C __thr_inst0
  41B38C __thr_init_entry
  41B3AC __thr_init_exit
  41BA0C NETTALKSVGUTILITY002$UPDATEPROJECTS@F
  41CD90 SVGCSSICONSGENERATOR@F
  41D698 NETTALKSVGUTILITY004$UPDATESVGLINES@Fsb
  41D978 KILL@F24HIDE:RELATE:SVGICONLINES
  41D9C0 DEFEREDADDRELATIONS@F24HIDE:RELATE:SVGICONLINES
  41D9E0 INIT@F24HIDE:RELATE:SVGICONLINES
  41DA18 USEFILE@F24HIDE:ACCESS:SVGICONLINESUc
  41DB14 PRIMEFIELDS@F24HIDE:ACCESS:SVGICONLINES
  41DB54 KILL@F24HIDE:ACCESS:SVGICONLINES
  41DB74 INIT@F24HIDE:ACCESS:SVGICONLINES
  41DBF4 KILL@F24HIDE:RELATE:PROJECTFILES
  41DC3C DEFEREDADDRELATIONS@F24HIDE:RELATE:PROJECTFILES
  41DC5C INIT@F24HIDE:RELATE:PROJECTFILES
  41DC94 USEFILE@F24HIDE:ACCESS:PROJECTFILESUc
  41DD90 PRIMEFIELDS@F24HIDE:ACCESS:PROJECTFILES
  41DDD0 KILL@F24HIDE:ACCESS:PROJECTFILES
  41DDF0 INIT@F24HIDE:ACCESS:PROJECTFILES
  41DE70 KILL@F20HIDE:RELATE:PROJECTS
  41DEB8 DEFEREDADDRELATIONS@F20HIDE:RELATE:PROJECTS
  41DED8 INIT@F20HIDE:RELATE:PROJECTS
  41DF10 USEFILE@F20HIDE:ACCESS:PROJECTSUc
  41DFDC PRIMEFIELDS@F20HIDE:ACCESS:PROJECTS
  41E01C KILL@F20HIDE:ACCESS:PROJECTS
  41E03C INIT@F20HIDE:ACCESS:PROJECTS
  41E0BC NETTALKSVGUTILITY_BC0$NETTALKSVGUTILITY_BC0:FILESINIT@F
  41E0FC NETTALKSVGUTILITY_BC0$NETTALKSVGUTILITY_BC0:DCTKILL@F
  41E168 NETTALKSVGUTILITY_BC0$NETTALKSVGUTILITY_BC0:DCTINIT@F
  41E2B0 DCTKILL@F
  41E2B8 DCTINIT@F
  41E2C4 _main
  41E518 DESTRUCT@F10DICTIONARY
  41E520 CONSTRUCT@F10DICTIONARY
  41E5C0 RESETSETTING@F13CSRESIZECLASS
  41E65C TAKEEVENT@F13CSRESIZECLASS
  41E78C OPEN@F13CSRESIZECLASS
  41E7F8 CORRECTSIZING@F13CSRESIZECLASS
  41E8DC GETCONTROL@F13CSRESIZECLASSl
  41E918 DELETECONTROL@F13CSRESIZECLASSl
  41E9A4 CHANGECONTROL@F13CSRESIZECLASSlll
  41EACC UPDATE@F13CSRESIZECLASSsbsbsb
  41EB10 FETCH@F13CSRESIZECLASSsbsbRu
  41EB40 UPDATE@F13CSRESIZECLASS
  41EB90 FETCH@F13CSRESIZECLASS
  41EBF8 RESET@F13CSRESIZECLASS
  41ED6C SIZED@F13CSRESIZECLASSl
  41F598 RESIZE@F13CSRESIZECLASS
  41F9D8 REGISTER@F13CSRESIZECLASS12CSSPLITCLASS
  41FA0C SETSTRATEGY@F13CSRESIZECLASSll
  41FA88 STRATEGY@F13CSRESIZECLASSll
  41FA90 SETSTRATEGY@F13CSRESIZECLASSldddd
  41FCE0 STRATEGY@F13CSRESIZECLASSldddd
  41FD14 DRAWHANDLEDOTS@F13CSRESIZECLASS
  41FE50 DRAWHANDLELINES@F13CSRESIZECLASS
  420038 DRAWHANDLE@F13CSRESIZECLASS
  420064 GRABCORNERLINES@F13CSRESIZECLASS
  420264 INIT@F13CSRESIZECLASSsbBwUcl
  4205E8 DESTRUCT@F13CSRESIZECLASS
  420658 CONSTRUCT@F13CSRESIZECLASS
  4206AC OPEN@F21CSRESIZEANDSPLITCLASS
  4206B8 SETPOSITION@F21CSRESIZEANDSPLITCLASSl7ERS_POS
  420768 GETPOSITION@F21CSRESIZEANDSPLITCLASSl7ERS_POS
  4208AC ADDCONTROL@F21CSRESIZEANDSPLITCLASSl7ERS_POS
  420930 RESIZE@F21CSRESIZEANDSPLITCLASS
  420B08 INIT@F21CSRESIZEANDSPLITCLASS
  420B0C INIT@F21CSRESIZEANDSPLITCLASSBw
  420B10 DESTRUCT@F21CSRESIZEANDSPLITCLASS
  420B3C CONSTRUCT@F21CSRESIZEANDSPLITCLASS
  420B5C TRACE@F21CSRESIZEANDSPLITCLASSsb
  423FD4 SORTCASEINSENSITIVE@F14LINESGROUPTYPE14LINESGROUPTYPE
  42404C SORTLENGTH@F14LINESGROUPTYPE14LINESGROUPTYPE
  4240EC SORTCASESENSITIVE@F14LINESGROUPTYPE14LINESGROUPTYPE
  42413C DEFORMATUNIXTIMESTAMP@F14STRINGDEFORMATsbOsb
  42456C DEFORMATDATETEXT@F14STRINGDEFORMATlsbsbsbsb
  4269D4 DEFORMATDATE@F14STRINGDEFORMATsbOsb
  428990 DEFORMATTIME@F14STRINGDEFORMATsbOsb
  429740 DEFORMATTIMEHOURS@F14STRINGDEFORMATsbOsb
  4297C8 DEFORMATNUMBER@F14STRINGDEFORMATsbOsb
  429D28 DEFORMATHEX@F14STRINGDEFORMATsbOsb
  429F54 DEFORMATPATTERN@F14STRINGDEFORMATsbOsb
  42A128 DEFORMATSCIENTIFIC@F14STRINGDEFORMATsbOsb
  42A184 DEFORMATVALUE@F14STRINGDEFORMATsbOsb
  42A4B4 DATEFROMWEEK@F14STRINGDEFORMATsbll
  42A628 TRANSLATE@F14STRINGDEFORMATsb
  42A65C FORMATPATTERN@F12STRINGFORMATsb13STRINGPICTUREl
  42A768 FORMATHEX@F12STRINGFORMATsb13STRINGPICTUREl
  42AA5C FORMATUNIXTIMESTAMP@F12STRINGFORMATd13STRINGPICTUREl
  42AD28 FORMATNUMBER@F12STRINGFORMATdsbl
  42AE74 FORMATTIMEHOURS@F12STRINGFORMATdsbl
  42AF10 FORMATTIME@F12STRINGFORMATd13STRINGPICTUREl
  42C188 FORMATTIME@F12STRINGFORMATdsbl
  42C214 WEEK@F12STRINGFORMATlRlRlRl
  42C390 FORMATDATE@F12STRINGFORMATd13STRINGPICTUREl
  42C8D4 FORMATDATE@F12STRINGFORMATdsbl
  42C960 FORMATVALUE@F12STRINGFORMATsbOsbl
  42CE94 CLARIONTOUNIXDATE@F8UNIXDATElll
  42CF94 UNIXTOCLARIONTIME@F8UNIXDATEdl
  42D098 UNIXTOCLARIONDATE@F8UNIXDATEdl
  42D16C TRACE@F8UNIXDATEsb
  42D1E0 _BLOCKBOUND@F13STRINGPICTUREsbsbRl
  42D23C _BLOCKBOUND@F13STRINGPICTURERsbsbRl
  42D33C _BLOCK@F13STRINGPICTUREsbsbRll
  42D398 _BLOCK@F13STRINGPICTURERsbsbRll
  42D468 TRACE@F13STRINGPICTUREsb
  42D4DC INTERPRETHEXPICTURE@F13STRINGPICTURE
  42D570 INTERPRETUNIXTIMESTAMPPICTURE@F13STRINGPICTURE
  42D678 INTERPRETKEYINPICTURE@F13STRINGPICTURE
  42D690 INTERPRETPATTERNPICTURE@F13STRINGPICTURE
  42D6A8 INTERPRETNUMERICPICTURE@F13STRINGPICTURE
  42D6C4 INTERPRETSCIENTIFICPICTURE@F13STRINGPICTURE
  42D6E0 INTERPRETSTRINGPICTURE@F13STRINGPICTURE
  42D738 INTERPRETTIMEHOURSPICTURE@F13STRINGPICTURE
  42D754 INTERPRETTIMEPICTURE@F13STRINGPICTURE
  42DD84 INTERPRETDATEPICTURE@F13STRINGPICTURE
  42E7F4 INTERPRETPICTURE@F13STRINGPICTUREOsb
  42E9C8 PARSEHEXPICTURE@F13STRINGPICTUREOsb
  42EC14 PARSEUNIXTIMESTAMPPICTURE@F13STRINGPICTUREOsb
  42F080 PARSEKEYINPICTURE@F13STRINGPICTUREOsb
  42F1C0 PARSEPATTERNPICTURE@F13STRINGPICTUREOsb
  42F300 PARSENUMERICPICTURE@F13STRINGPICTUREOsb
  42F700 PARSESCIENTIFICPICTURE@F13STRINGPICTUREOsb
  42F95C PARSESTRINGPICTURE@F13STRINGPICTUREOsb
  42FA90 PARSETIMEHOURSPICTURE@F13STRINGPICTUREOsb
  42FB60 PARSETIMEPICTURE@F13STRINGPICTUREOsb
  430040 PARSEDATEPICTURE@F13STRINGPICTUREOsb
  43035C PARSEPICTURE@F13STRINGPICTUREOsb
  4306C4 CREATEHEXPICTURE@F13STRINGPICTUREl
  430734 CREATEUNIXTIMESTAMPPICTURE@F13STRINGPICTUREl
  4307BC CREATEKEYINPICTURE@F13STRINGPICTUREl
  4308CC CREATEPATTERNPICTURE@F13STRINGPICTUREl
  4309DC CREATENUMERICPICTURE@F13STRINGPICTUREl
  430C9C CREATESCIENTIFICPICTURE@F13STRINGPICTUREl
  430EB8 CREATESTRINGPICTURE@F13STRINGPICTUREl
  431028 CREATETIMEHOURSPICTURE@F13STRINGPICTUREl
  431068 CREATETIMEPICTURE@F13STRINGPICTUREl
  431388 CREATEDATEPICTURE@F13STRINGPICTUREl
  431584 CREATEPICTURE@F13STRINGPICTUREOsbl
  4316FC _IANANAMETONUMBER@F12STRINGTHEORYsb
  431DC0 FORMATHTML@F12STRINGTHEORY
  4322F4 ASNENCODENUMBER@F12STRINGTHEORYsbl
  4323A4 ASNENCODE@F12STRINGTHEORYsbOsb
  4324A0 ASNDECODE@F12STRINGTHEORYRl12STRINGTHEORYPsb
  43271C CONVERTANSITOOEM@F12STRINGTHEORY
  432764 CONVERTOEMTOANSI@F12STRINGTHEORY
  4327AC ENDSWITH@F12STRINGTHEORYsbll
  432894 STARTSWITH@F12STRINGTHEORYsbll
  43295C ISTIME@F12STRINGTHEORY
  432A8C ISTIME@F12STRINGTHEORYsb
  432B20 DEFORMATTIME@F12STRINGTHEORY
  432B9C DEFORMATTIME@F12STRINGTHEORYsb
  432C20 FORMATTIME@F12STRINGTHEORYsb
  432CA0 FORMATTIME@F12STRINGTHEORYsbsb
  432D38 LINEENDINGS@F12STRINGTHEORYll
  4331F8 MERGEXML@F12STRINGTHEORYsbl
  433324 GUNZIP@F12STRINGTHEORY
  433688 GZIP@F12STRINGTHEORYl
  433A2C LOADNORMALIZE@F12STRINGTHEORY
  433B18 LOADLIBS@F12STRINGTHEORY
  433CD0 PEEKRAM@F12STRINGTHEORY12STRINGTHEORYUlll
  4340A8 PEEKRAM@F12STRINGTHEORYUlll
  4341B4 PEEKRAM@F12STRINGTHEORYl
  4341C8 CLEANFILENAME@F12STRINGTHEORYOsbOsb
  434334 URLDECODE@F12STRINGTHEORYOsbOsb
  43466C URLENCODE@F12STRINGTHEORYlOsbOsbOsb
  435054 URLENCODE@F12STRINGTHEORYsblsbsbsb
  43517C _COLORFROMCSL@F12STRINGTHEORYsb
  4353A8 _COLORFROMHEX@F12STRINGTHEORYsb
  435598 _COLORTOHEX@F12STRINGTHEORYl
  43567C COLORTOLONG@F12STRINGTHEORYsb
  4359AC COLORFROMHEX@F12STRINGTHEORYsb
  4359EC COLORTOHEX@F12STRINGTHEORYsbl
  43882C REPLACELAST@F12STRINGTHEORYsbsblll
  438914 FINDLAST@F12STRINGTHEORYsblll
  43896C REPLACENTH@F12STRINGTHEORYsbsbllll
  438A5C FINDNTH@F12STRINGTHEORYsbllll
  438D5C FINDCHARS@F12STRINGTHEORYsbllsb
  438DE4 FINDCHARS@F12STRINGTHEORYsbllRsb
  438E64 FINDCHARS@F12STRINGTHEORYRsbllRsb
  438ED4 FINDCHARS@F12STRINGTHEORYsbll
  438F48 FINDCHARS@F12STRINGTHEORYRsbll
  438F94 FINDCHARS@F12STRINGTHEORYsbl
  439014 FINDCHARS@F12STRINGTHEORYRsbl
  439058 FINDCHARS@F12STRINGTHEORYsb
  43909C FINDCHARS@F12STRINGTHEORYRsb
  4390B0 FINDCHARSADDR@F12STRINGTHEORYRsbll
  439194 FINDENDOFSTRING@F12STRINGTHEORYlll
  439244 _MEMICHR@F12STRINGTHEORYlll
  4392B4 _MEMICHRS@F12STRINGTHEORYRsbll
  439398 _MEMCHRS@F12STRINGTHEORYRsbll
  439454 FINDCHAR@F12STRINGTHEORYsbllsb
  4394F0 FINDCHAR@F12STRINGTHEORYsbll
  439578 FINDCHAR@F12STRINGTHEORYsbl
  439610 FINDCHAR@F12STRINGTHEORYsb
  439670 UNQUOTE@F12STRINGTHEORYOsbOsb
  439748 QUOTE@F12STRINGTHEORYOsbOsb
  43988C INSERT@F12STRINGTHEORYlRsb
  439A94 INSERT@F12STRINGTHEORYlsb
  439ACC INSERT@F12STRINGTHEORYl12STRINGTHEORY
  439AF4 SETSLICE@F12STRINGTHEORYllsb
  439B70 STR@F12STRINGTHEORYRsb
  439BC4 STR@F12STRINGTHEORYsb
  439C34 STR@F12STRINGTHEORY
  439C6C REVERSEBYTEORDER@F12STRINGTHEORY
  439C78 LITTLEENDIAN@F12STRINGTHEORYUl
  439C84 BIGENDIAN@F12STRINGTHEORYUl
  439C90 SWITCHENDIAN@F12STRINGTHEORYUl
  439CC8 LITTLEENDIAN@F12STRINGTHEORY
  439CF8 BIGENDIAN@F12STRINGTHEORY
  439D28 _SWITCHENDIAN@F12STRINGTHEORY
  439D78 MATCHBRACKETS@F12STRINGTHEORYsbsbl
  439EC8 KEEPCHARS@F12STRINGTHEORYsb
  43A00C KEEPCHARS@F12STRINGTHEORYsbsb
  43A0B4 REMOVECHARS@F12STRINGTHEORYsb
  43A1E4 ISALL@F12STRINGTHEORYsbOsbl
  43A2D4 ISASCII@F12STRINGTHEORY
  43A304 CONTAINSCHAR@F12STRINGTHEORYsbsb
  43A380 CONTAINSCHAR@F12STRINGTHEORYsbRsb
  43A3FC CONTAINSCHAR@F12STRINGTHEORYsb
  43A464 CONTAINSA@F12STRINGTHEORYsbOsbl
  43A550 ISALLDIGITS@F12STRINGTHEORY
  43A588 CONTAINSADIGIT@F12STRINGTHEORY
  43A5C0 SQUEEZE@F12STRINGTHEORYlOsbl
  43A6EC SETALL@F12STRINGTHEORYl
  43A734 ALL@F12STRINGTHEORYl
  43A780 SETRIGHT@F12STRINGTHEORYllOsb
  43A7FC RIGHT@F12STRINGTHEORYllOsb
  43A9A0 SETLEFT@F12STRINGTHEORYllOsb
  43AA1C LEFT@F12STRINGTHEORYllOsb
  43ABE4 REVERSE@F12STRINGTHEORY
  43AC6C REVERSE@F12STRINGTHEORYsb
  43AD24 TRIM@F12STRINGTHEORYOsb
  43AE80 CLIP@F12STRINGTHEORY
  43AEEC TAIL@F12STRINGTHEORYl
  43AF38 TOP@F12STRINGTHEORYl
  43AF5C REMOVEFROMPOSITION@F12STRINGTHEORYll
  43B014 REMOVE@F12STRINGTHEORYsbOsblll
  43B518 DECENTITYTOCHAR@F12STRINGTHEORY
  43B810 HTMLENTITYTODEC@F12STRINGTHEORY
  43D688 REMOVEXMLPREFIXES@F12STRINGTHEORY
  43D740 REMOVEATTRIBUTES@F12STRINGTHEORYsbl
  43D934 COUNTWORDS@F12STRINGTHEORYllOsbl
  43D9F0 WORDEND@F12STRINGTHEORYllOsbl
  43DDF0 WORDSTART@F12STRINGTHEORYlllOsb
  43E040 GETWORD@F12STRINGTHEORYlllOsbl
  43E0AC FINDWORD@F12STRINGTHEORYlllRlRlOsbl
  43E2C4 GETBYTES@F12STRINGTHEORYRusbl
  43E708 SETBYTES@F12STRINGTHEORYRusbl
  43EC38 GETBYTES@F12STRINGTHEORYRspl
  43EC58 GETBYTES@F12STRINGTHEORYRsbl
  43EC78 GETBYTES@F12STRINGTHEORYRscl
  43EC98 GETBYTES@F12STRINGTHEORYRel
  43ECBC GETBYTES@F12STRINGTHEORYRdl
  43ECD8 GETBYTES@F12STRINGTHEORYRfl
  43ECF4 GETBYTES@F12STRINGTHEORYRUll
  43ED10 GETBYTES@F12STRINGTHEORYRll
  43ED24 GETBYTES@F12STRINGTHEORYRUsl
  43ED40 GETBYTES@F12STRINGTHEORYRsl
  43ED5C GETBYTES@F12STRINGTHEORYRUcl
  43ED78 SETBYTES@F12STRINGTHEORYRsp
  43ED9C SETBYTES@F12STRINGTHEORYRsb
  43EDAC SETBYTES@F12STRINGTHEORYRsc
  43EDCC SETBYTES@F12STRINGTHEORYRe
  43EE10 SETBYTES@F12STRINGTHEORYRd
  43EE24 SETBYTES@F12STRINGTHEORYRf
  43EE38 SETBYTES@F12STRINGTHEORYRUl
  43EE4C SETBYTES@F12STRINGTHEORYRl
  43EE60 SETBYTES@F12STRINGTHEORYRUs
  43EE74 SETBYTES@F12STRINGTHEORYRs
  43EE88 SETBYTES@F12STRINGTHEORYRUc
  43EE9C FROMBYTES@F12STRINGTHEORYRsbRspl
  43EEC0 FROMBYTES@F12STRINGTHEORYRsbRsbl
  43EEE4 FROMBYTES@F12STRINGTHEORYRsbRscl
  43EF08 FROMBYTES@F12STRINGTHEORYRsbRel
  43EF54 FROMBYTES@F12STRINGTHEORYRsbRdl
  43EF8C FROMBYTES@F12STRINGTHEORYRsbRfl
  43EFC4 FROMBYTES@F12STRINGTHEORYRsbRUll
  43EFFC FROMBYTES@F12STRINGTHEORYRsbRll
  43F034 FROMBYTES@F12STRINGTHEORYRsbRUsl
  43F06C FROMBYTES@F12STRINGTHEORYRsbRsl
  43F0A4 FROMBYTES@F12STRINGTHEORYRsbRUcl
  43F0DC TOBYTES@F12STRINGTHEORYRsbRsbl
  43F100 TOBYTES@F12STRINGTHEORYRspRsbl
  43F12C TOBYTES@F12STRINGTHEORYRscRsbl
  43F150 TOBYTES@F12STRINGTHEORYReRsbl
  43F170 TOBYTES@F12STRINGTHEORYRdRsbl
  43F1A8 TOBYTES@F12STRINGTHEORYRfRsbl
  43F1E0 TOBYTES@F12STRINGTHEORYRUlRsbl
  43F218 TOBYTES@F12STRINGTHEORYRlRsbl
  43F250 TOBYTES@F12STRINGTHEORYRUsRsbl
  43F284 TOBYTES@F12STRINGTHEORYRsRsbl
  43F2B8 TOBYTES@F12STRINGTHEORYRUcRsbl
  43F2E8 STRCPY@F12STRINGTHEORYRsbRsbl
  43F394 WRAPTEXT@F12STRINGTHEORYlll
  43F9AC FROMHEX@F12STRINGTHEORY
  43FA94 TOHEX@F12STRINGTHEORYll
  43FBB0 HEXTOSTRING@F12STRINGTHEORYsb
  43FE00 STRINGTOHEX@F12STRINGTHEORYsbll
  43FE44 STRINGTOHEX@F12STRINGTHEORYRsbll
  43FF54 LONGTOHEX@F12STRINGTHEORYl
  440004 HEXTOBYTE@F12STRINGTHEORYsb
  440058 BYTETOHEX@F12STRINGTHEORYUc
  4400B8 BASETODEC@F12STRINGTHEORYsbl
  4401CC DECTOBASE@F12STRINGTHEORYlll
  440318 NORMALIZE@F12STRINGTHEORYll
  4405EC UTF16TOUTF8CHAR@F12STRINGTHEORYsbRl
  44084C DECODEHEXINLINE@F12STRINGTHEORYsbll
  440A24 DECODEHEXINLINE@F12STRINGTHEORYl
  440A98 TOUNICODE@F12STRINGTHEORYll
  440C44 TOANSI@F12STRINGTHEORYlll
  440E28 TOANSI@F12STRINGTHEORYll
  441038 APIANSITOUTF8@F12STRINGTHEORYRsbRl
  44106C APIUTF8TOANSI@F12STRINGTHEORYRsbRl
  4410A0 ANSITOUTF8@F12STRINGTHEORYRsbRll
  4411B0 UTF8TOANSI@F12STRINGTHEORYRsbRll
  4412AC UTF16TO8@F12STRINGTHEORYRsbRll
  441428 UTF8TO16@F12STRINGTHEORYRsbRl
  441560 UTF16TOANSI@F12STRINGTHEORYRsbRllUl
  4416D8 ANSITOUTF16@F12STRINGTHEORYRsbRlUl
  441820 LONGDIVISION@F12STRINGTHEORYlRll
  4419A0 CHANGEBASE@F12STRINGTHEORYll
  441A90 FROMBLOB@F12STRINGTHEORYBb
  441B8C TOBLOB@F12STRINGTHEORYBb
  441CA4 SETAFTERNTH@F12STRINGTHEORYsblllll
  441D60 SETAFTERLAST@F12STRINGTHEORYsbllll
  441E2C SETAFTER@F12STRINGTHEORYsbllll
  441F9C AFTERNTH@F12STRINGTHEORYsbllll
  442038 AFTERLAST@F12STRINGTHEORYsblll
  4420F4 AFTER@F12STRINGTHEORYsblll
  442258 FINDBETWEENPOSITION@F12STRINGTHEORYsbsbRlRlll
  4424E0 SETBETWEEN@F12STRINGTHEORYsbsblllll
  4425CC FINDBETWEEN@F12STRINGTHEORYsbsbRlRlll
  442678 BETWEEN@F12STRINGTHEORYsbsbllll
  4426FC SETBEFORENTH@F12STRINGTHEORYsblllll
  4427B8 SETBEFORELAST@F12STRINGTHEORYsbllll
  44287C SETBEFORE@F12STRINGTHEORYsbllll
  4429E8 BEFORENTH@F12STRINGTHEORYsbllll
  442A6C BEFORELAST@F12STRINGTHEORYsblll
  442B10 BEFORE@F12STRINGTHEORYsblll
  442C5C ADDBOM@F12STRINGTHEORYl
  442D48 SETENCODINGFROMBOM@F12STRINGTHEORYl
  442E44 SAVEFILEA@F12STRINGTHEORYsbsbl
  442EA8 SAVEFILE@F12STRINGTHEORYRsbsbll
  443118 SAVEFILE@F12STRINGTHEORYsbl
  443194 LOADFILE@F12STRINGTHEORYsblll
  4435E0 URLPARAMETER@F12STRINGTHEORYsbOsb
  4438C0 URLPARAMETERSONLY@F12STRINGTHEORYOsb
  443A2C URLFILEONLY@F12STRINGTHEORYOsb
  443C48 URLPATHONLY@F12STRINGTHEORYOsbl
  443E34 URLPORTONLY@F12STRINGTHEORYOsb
  444010 URLHOSTONLY@F12STRINGTHEORYOsbl
  44421C URLPROTOCOLONLY@F12STRINGTHEORYOsb
  44434C PATHONLY@F12STRINGTHEORYOsb
  44446C FILENAMEONLY@F12STRINGTHEORYOsbl
  4446FC LOWER@F12STRINGTHEORYOsbOsb
  44489C UPPER@F12STRINGTHEORYOsbOsb
  444A3C TRACE@F12STRINGTHEORYOsb
  444B60 TRACE@F12STRINGTHEORYBq
  444C60 TOCSTRING@F12STRINGTHEORY
  444D10 GETCODEPAGEFROMCHARSET@F12STRINGTHEORYOl
  444DD0 SUB@F12STRINGTHEORYll
  444E64 FILTER@F12STRINGTHEORYsbsbll
  4451A0 SORT@F12STRINGTHEORYl
  4451E0 SORT@F12STRINGTHEORYlsbOsbOsbll
  4452E8 SPLITBETWEEN@F12STRINGTHEORYsbsbll
  445434 SPLITBYMATCH@F12STRINGTHEORYsbl
  44555C SPLITEVERY@F12STRINGTHEORYl
  4455E8 SPLIT@F12STRINGTHEORYsbOsbOsblllOsbl
  44574C SLICE@F12STRINGTHEORYll
  4457C0 ADJUSTLENGTH@F12STRINGTHEORYl
  4457F4 SETLENGTH@F12STRINGTHEORYll
  44594C REMOVEHTML@F12STRINGTHEORY
  445AA8 REPLACESINGLECHARS@F12STRINGTHEORYsbsbl
  445B7C REPLACESINGLECHARS@F12STRINGTHEORYsbsb
  445C60 REPLACEEXCEPTBETWEEN@F12STRINGTHEORYsbOsbsbsbllll
  446018 REPLACEBETWEEN@F12STRINGTHEORYsbOsbsbsblllll
  44641C REPLACE@F12STRINGTHEORYsbsbllll
  446750 REPLACE@F12STRINGTHEORYsbsblllll
  446914 RECORDS@F12STRINGTHEORY
  44692C MAKEGUID@F12STRINGTHEORYll
  44695C SETRANDOM@F12STRINGTHEORYllOsb
  446EB4 RANDOM@F12STRINGTHEORYllOsb
  446F2C SEEDRANDOM@F12STRINGTHEORY
  446F80 PREPEND@F12STRINGTHEORY12STRINGTHEORY
  446FA8 PREPEND@F12STRINGTHEORY12STRINGTHEORYsb
  447004 PREPEND@F12STRINGTHEORYRsb
  447100 PREPEND@F12STRINGTHEORYsb
  447138 PREPEND@F12STRINGTHEORYsblsb
  4473A8 PREPEND@F12STRINGTHEORYsbl
  447440 MD5@F12STRINGTHEORYlPsbl
  4474F0 _MALLOC@F12STRINGTHEORYlll
  447668 CHARS@F12STRINGTHEORYlOsb
  447798 LEN@F12STRINGTHEORY
  44779C LENGTHA@F12STRINGTHEORY
  4477A0 LENGTH@F12STRINGTHEORY
  4477A4 JOIN@F12STRINGTHEORYsbOsbOsbl
  447BE8 SERIALIZEGROUP@F12STRINGTHEORYRg12STRINGTHEORYOsbOsbll
  448080 SERIALIZEQUEUE@F12STRINGTHEORYBqOsb12STRINGTHEORYOsbOsbll
  4482D8 SERIALIZEGROUP@F12STRINGTHEORYRgOsbOsbOsbll
  44845C SERIALIZEQUEUE@F12STRINGTHEORYBqOsbOsbOsbOsbll
  4485F0 REMOVELINES@F12STRINGTHEORYOsb
  4486EC DELETELINE@F12STRINGTHEORYl
  448758 ADDLINE@F12STRINGTHEORYRsb
  44876C ADDLINE@F12STRINGTHEORYsb
  4487A4 ADDLINE@F12STRINGTHEORYlRsb
  44887C ADDLINE@F12STRINGTHEORYlsb
  4488B4 SETLINE@F12STRINGTHEORYl12STRINGTHEORY
  4488E4 SETLINE@F12STRINGTHEORYlRsb
  448A04 SETLINE@F12STRINGTHEORYlsb
  448A3C INLINE@F12STRINGTHEORYsblllllll
  448E68 GETBUFFERLENGTH@F12STRINGTHEORY
  448E6C GETLINE@F12STRINGTHEORYl
  448F1C GETVAL@F12STRINGTHEORY
  448F30 GETVALUE@F12STRINGTHEORYl
  448F84 GETVALUE@F12STRINGTHEORY
  448FBC FORMATMESSAGE@F12STRINGTHEORYl
  449008 EXTENSIONONLY@F12STRINGTHEORYOsb
  44913C ERRORTRAP@F12STRINGTHEORYsbsbUc
  4492B4 CAPITALIZE@F12STRINGTHEORYlllOsb
  449478 COUNT@F12STRINGTHEORYsbllllll
  4497FC FINDMATCHPOSITION@F12STRINGTHEORYsbRlRlll
  449990 FINDMATCH@F12STRINGTHEORYsbRlRlll
  449A1C MATCH@F12STRINGTHEORYsbllll
  449B0C INSTRING@F12STRINGTHEORYsblllll
  44A04C INSTRING@F12STRINGTHEORYsbllll
  44A0F0 INSTRING@F12STRINGTHEORYRsblll
  44A158 INSTRING@F12STRINGTHEORYsblll
  44A1F0 INSTRING@F12STRINGTHEORYRsbll
  44A288 INSTRING@F12STRINGTHEORYsbll
  44A36C INSTRING@F12STRINGTHEORYRsbl
  44A3C8 INSTRING@F12STRINGTHEORYsbl
  44A460 INSTRING@F12STRINGTHEORYRsb
  44A494 INSTRING@F12STRINGTHEORYsb
  44A4FC CROP@F12STRINGTHEORYll
  44A59C CLIPLENGTH@F12STRINGTHEORY
  44A5DC CLIPLEN@F12STRINGTHEORY
  44A5E8 FREELINES@F12STRINGTHEORY
  44A638 FREE@F12STRINGTHEORYll
  44A6E0 ZEROXDECODE@F12STRINGTHEORY
  44A818 ZEROXENCODE@F12STRINGTHEORY
  44A974 XMLDECODE@F12STRINGTHEORY
  44AABC XMLENCODE@F12STRINGTHEORYl
  44AC04 JSONDECODE@F12STRINGTHEORY
  44B0F4 JSONENCODE@F12STRINGTHEORYl
  44B518 ENCODEDWORDENCODE@F12STRINGTHEORYOsbl
  44B708 ENCODEDWORDDECODE@F12STRINGTHEORY
  44BD44 QUOTEDPRINTABLEDECODE@F12STRINGTHEORY
  44BDC0 QUOTEDPRINTABLEENCODE@F12STRINGTHEORY
  44BFA8 BASE85DECODE@F12STRINGTHEORY
  44C314 BASE85ENCODE@F12STRINGTHEORYl
  44C870 BASE64DECODE@F12STRINGTHEORYRsbRl
  44CAC4 BASE64DECODE@F12STRINGTHEORY
  44CB2C BASE64ENCODE@F12STRINGTHEORYRsbRl
  44D090 BASE64ENCODE@F12STRINGTHEORYl
  44D310 GETADDRESS@F12STRINGTHEORY
  44D314 GETVALUEPTR@F12STRINGTHEORY
  44D354 ABBREVIATE@F12STRINGTHEORYlll
  44D47C ASSIGN@F12STRINGTHEORYsb
  44D4B0 ASSIGN@F12STRINGTHEORYRsb
  44D4C0 _STEALVALUE@F12STRINGTHEORY12STRINGTHEORY
  44D564 _SETVALUEPOINTER@F12STRINGTHEORYllll
  44D6CC _GETNEXTBUFFERSIZE@F12STRINGTHEORYl
  44D770 EQUALS@F12STRINGTHEORYsbl
  44D840 EQUALS@F12STRINGTHEORY12STRINGTHEORYl
  44D91C _EQUALSUNICODE@F12STRINGTHEORY12STRINGTHEORYl
  44DA8C _EQUALSUNICODE@F12STRINGTHEORYRsbl
  44DB4C SETVALUEBYADDRESS@F12STRINGTHEORYll
  44DCC0 SETVALUE@F12STRINGTHEORYRsbl
  44DE70 SETVALUE@F12STRINGTHEORYsbl
  44DEA0 SETVALUE@F12STRINGTHEORY12STRINGTHEORY
  44DFA0 CATADDR@F12STRINGTHEORYll
  44E12C CAT@F12STRINGTHEORYRsbl
  44E210 CAT@F12STRINGTHEORYRsb
  44E2F8 CAT@F12STRINGTHEORYsbl
  44E3C0 CAT@F12STRINGTHEORYsb
  44E484 CAT@F12STRINGTHEORY12STRINGTHEORYl
  44E560 CAT@F12STRINGTHEORY12STRINGTHEORY
  44E634 APPEND@F12STRINGTHEORY12STRINGTHEORY
  44E708 APPEND@F12STRINGTHEORY12STRINGTHEORYsb
  44E74C APPEND@F12STRINGTHEORY12STRINGTHEORYlsb
  44E838 APPEND@F12STRINGTHEORYRsblsb
  44EA40 APPEND@F12STRINGTHEORYsblsb
  44EAD0 APPEND@F12STRINGTHEORYRsbl
  44EB50 APPEND@F12STRINGTHEORYsbl
  44EBA8 APPEND@F12STRINGTHEORYRsb
  44EC90 APPEND@F12STRINGTHEORYsb
  44ED54 APPENDBINARY@F12STRINGTHEORYll
  44ED7C APPENDA@F12STRINGTHEORYsblOsb
  44EE1C FLUSH@F12STRINGTHEORY12STRINGTHEORY
  44EE48 FLUSH@F12STRINGTHEORYRsb
  44EEE0 FLUSH@F12STRINGTHEORYsb
  44EF18 FLUSH@F12STRINGTHEORY
  44EFDC FLUSHANDKEEP@F12STRINGTHEORY
  44F06C NOSTREAM@F12STRINGTHEORY
  44F084 STREAM@F12STRINGTHEORYsbll
  44F320 START@F12STRINGTHEORYl
  44F3E8 DESTRUCT@F12STRINGTHEORY
  44F444 CONSTRUCT@F12STRINGTHEORY
  450000 $DEFAULTERRORS
  451384 TYPE$BROWSECLASS
  45176C TYPE$BROWSEEIPMANAGER
  451A40 VMT$BROWSEEIPMANAGER
  451AE8 VMT$BROWSECLASS
  451CBC TYPE$STANDARDBEHAVIOR
  451CF8 VMT$STANDARDBEHAVIOR
  451D6C TYPE$COLORMAP
  451D98 TCB$COLORMAP
  451DA8 TYPE$EDITENTRYCLASS
  451DF0 VMT$EDITENTRYCLASS
  451FBC STDERRORFILE$TYPE$RECORD
  451FD4 $STDERRORFILE
  452050 TYPE$PNQ
  452070 TYPE$DEFAULTERRORS
  4522F0 TYPE$HISTHANDLERCLASS
  452338 VMT$HISTHANDLERCLASS
  452368 TYPE$MSGBOXCLASS
  4525E0 VMT$MSGBOXCLASS
  45266C TYPE$ERRORCLASS
  4528D8 VMT$ERRORCLASS
  452928 TYPE$STANDARDERRORLOGCLASS
  452960 VMT$STANDARDERRORLOGCLASS
  452978 TYPE$ERRORSTATUSCLASS
  452A80 VMT$ERRORSTATUSCLASS
  452B08 TYPE$UNTHREADEDFILEOPENERMAP
  452B2C TCB$UNTHREADEDFILEOPENERMAP
  452B3C TYPE$FILESMANAGER
  452B80 VMT$FILESMANAGER
  452B8C TYPE$FILEMAPPING_T
  452BB8 TYPE$FILEMAPPING_R
  452BE8 TYPE$STATUSQ_T
  452C50 TYPE$UNTHREADEDFILEOPENSERVER
  452CAC VMT$UNTHREADEDFILEOPENSERVER
  452CD0 TYPE$THREADEDFILEOPENSERVER
  452D10 VMT$THREADEDFILEOPENSERVER
  452F18 TYPE$FUZZYCLASS
  452FC0 VMT$FUZZYCLASS
  452FFC TYPE$POPUPITEMQUEUE
  45306C TYPE$POPUPCLASS
  453118 VMT$POPUPCLASS
  4531EC TYPE$FIELDQUEUE
  4532A4 TYPE$WINDOWRESIZECLASS
  4534E4 TYPE$TOOLBARTARGETQUEUE
  453500 $LISTBOXTIPS
  4535BC TYPE$TOOLBARCLASS
  4535D4 VMT$TOOLBARCLASS
  4535EC TYPE$TOOLBARLISTBOXCLASS
  453668 VMT$TOOLBARLISTBOXCLASS
  453730 TYPE$CONSTDESCRIPTORLIST
  453758 TYPE$CONSTANTCLASS
  4537F8 VMT$CONSTANTCLASS
  453804 TYPE$SELECTFILECLASS
  453890 VMT$SELECTFILECLASS
  45389C TYPE$INICLASS
  4538E4 VMT$INICLASS
  453970 TYPE$BUFFEREDPAIRSCLASS
  453994 VMT$BUFFEREDPAIRSCLASS
  4539CC TYPE$FIELDPAIRSCLASS
  4539E4 VMT$FIELDPAIRSCLASS
  453A14 TYPE$FILELIST
  453A38 TYPE$HISTORYLIST
  453A70 TYPE$BUTTONLIST
  453A94 TYPE$COMPONENTLIST
  453AB0 TYPE$CRITICALSECTION
  453AC8 VMT$CRITICALSECTION
  453AD4 TYPE$CRITICALPROCEDURE
  453AEC VMT$CRITICALPROCEDURE
  455848 TYPE$HIDE:RELATE:SVGICONLINES
  4558EC VMT$HIDE:RELATE:SVGICONLINES
  455928 TYPE$HIDE:ACCESS:SVGICONLINES
  455B38 VMT$HIDE:ACCESS:SVGICONLINES
  455C28 TYPE$HIDE:RELATE:PROJECTFILES
  455CCC VMT$HIDE:RELATE:PROJECTFILES
  455D08 TYPE$HIDE:ACCESS:PROJECTFILES
  455F18 VMT$HIDE:ACCESS:PROJECTFILES
  456008 TYPE$HIDE:RELATE:PROJECTS
  4560AC VMT$HIDE:RELATE:PROJECTS
  4560E8 TYPE$HIDE:ACCESS:PROJECTS
  4562F8 VMT$HIDE:ACCESS:PROJECTS
  456560 GTOPSPEEDFILE$TYPE$__GTPS:RECORD
  45657C $GTOPSPEEDFILE
  4565D0 TYPE$DICTIONARY
  4565E0 VMT$DICTIONARY
  4565EC SVGICONLINES$TYPE$SVG:RECORD
  456654 PROJECTFILES$TYPE$PROJFILES:RECORD
  45675C PROJECTS$TYPE$PRO:RECORD
  456870 TYPE$CSRESIZECLASS
  459468 TYPE$STRINGDEFORMAT
  459478 TYPE$STRINGTHEORY
  4595B8 TYPE$STRINGFORMAT
  4595C8 TYPE$STRINGPICTURE
  4596E4 VMT$STRINGPICTURE
  459788 VMT$STRINGFORMAT
  4597D0 VMT$STRINGTHEORY
  459D78 VMT$STRINGDEFORMAT
  45A030 VMTP$DICTIONARY
  45A078 VMTP$HIDE:RELATE:SVGICONLINES
  45A080 VMTP$HIDE:ACCESS:SVGICONLINES
  45A088 VMTP$HIDE:RELATE:PROJECTFILES
  45A090 VMTP$HIDE:ACCESS:PROJECTFILES
  45A098 VMTP$HIDE:RELATE:PROJECTS
  45A0A0 VMTP$HIDE:ACCESS:PROJECTS
  45A0A8 VMTP$FILESMANAGER
  45A0B0 VMTP$UNTHREADEDFILEOPENSERVER
  45A0B8 VMTP$THREADEDFILEOPENSERVER
  45A0C0 VMTP$CONSTANTCLASS
  45A0C8 VMTP$SELECTFILECLASS
  45A0D0 VMTP$INICLASS
  45A0D8 VMTP$BUFFEREDPAIRSCLASS
  45A0E0 VMTP$FIELDPAIRSCLASS
  45A0E8 VMTP$POPUPCLASS
  45A0F0 VMTP$TOOLBARCLASS
  45A0F8 VMTP$TOOLBARLISTBOXCLASS
  45A100 VMTP$EDITENTRYCLASS
  45A108 VMTP$BROWSEEIPMANAGER
  45A110 VMTP$BROWSECLASS
  45A118 VMTP$STANDARDBEHAVIOR
  45A120 VMTP$HISTHANDLERCLASS
  45A128 VMTP$MSGBOXCLASS
  45A130 VMTP$ERRORCLASS
  45A138 VMTP$STANDARDERRORLOGCLASS
  45A140 VMTP$ERRORSTATUSCLASS
  45A148 VMTP$FUZZYCLASS
  45A150 VMTP$STRINGTHEORY
  45A158 VMTP$STRINGFORMAT
  45A160 VMTP$STRINGPICTURE
  45A168 VMTP$STRINGDEFORMAT
  45A170 VMTP$CRITICALSECTION
  45A178 VMTP$CRITICALPROCEDURE
  45A180 $FUZZYMATCHER
  45B7A4 $COLORMAP
  45B7DC $MULTIWINDOW
  45B7E0 $TXTWINDOW
  45B7E4 $WINDOW
  45B7E8 STDERRORFILE$RECORD
  45BBE8 $UNTHREADEDFILEOPENERMAP
  45BBF0 $CREATEOPENERCRIT
  45BD00 $GLO:ST
  45BD44 $GLOBALERRORS
  45BD78 $INIMGR
  45BE90 GTOPSPEEDFILE$__GTPS:RECORD
  45BE94 $DS_FMINITED
  45BE98 $DS_VERSIONMODIFIER
  45BE9C stNormalizeString
  45BEA0 $HNORMALIZ
  45BEA4 stInflateEnd
  45BEA8 stInflate
  45BEAC stInflateInit2_
  45BEB0 stDeflateEnd
  45BEB4 stDeflate
  45BEB8 stDeflateInit2_
  45BEBC $HZLIB
  45BEC0 $SEEDED
  45C008 SVGICONLINES$SVG:GUIDKEY
  45C02C SVGICONLINES$SVG:FKPROJECTGUIDKEY
  45C050 SVGICONLINES$SVG:ICONNAMEKEY
  45C074 KEYS$SVGICONLINES
  45C080 $SVGICONLINES
  45C0D4 PROJECTFILES$PROJFILES:PROJFILESGUIDKEY
  45C0F8 PROJECTFILES$PROJFILES:FKPROJECTGUIDKEY
  45C11C PROJECTFILES$PROJFILES:PROJFILESFILENAMEKEY
  45C140 KEYS$PROJECTFILES
  45C14C $PROJECTFILES
  45C1A0 PROJECTS$PRO:PROJGUIDKEY
  45C1C4 PROJECTS$PRO:PROJDESCRIPTIONKEY
  45C1E8 KEYS$PROJECTS
  45C1F0 $PROJECTS
  45C2E0 $EPOC
  45C340 $GLOBALERRORSTATUS
  45D764 $GLOBALREQUEST
  45D768 $GLOBALRESPONSE
  45D76C $VCRREQUEST
  45D770 $DICTIONARY
  45D774 SVGICONLINES$SVG:RECORD
  45D7BC PROJECTFILES$PROJFILES:RECORD
  45DCF0 PROJECTS$PRO:RECORD
  45DF30 $DS_FM_UPGRADING
  45DF34 $RELATE:SVGICONLINES
  45DF38 $ACCESS:SVGICONLINES
  45DF3C $RELATE:PROJECTFILES
  45DF40 $ACCESS:PROJECTFILES
  45DF44 $RELATE:PROJECTS
  45DF48 $ACCESS:PROJECTS
  45E1E8 NETTALKSVGUTILITY_BC0$_HIDE:RELATE:SVGICONLINES
  45E1EC NETTALKSVGUTILITY_BC0$_HIDE:ACCESS:SVGICONLINES
  45E1F0 NETTALKSVGUTILITY_BC0$_HIDE:RELATE:PROJECTFILES
  45E1F4 NETTALKSVGUTILITY_BC0$_HIDE:ACCESS:PROJECTFILES
  45E1F8 NETTALKSVGUTILITY_BC0$_HIDE:RELATE:PROJECTS
  45E1FC NETTALKSVGUTILITY_BC0$_HIDE:ACCESS:PROJECTS
  45E200 $FILESMANAGER
  45E218 $SZDBTEXTLOG
  45F000 __import_section_start
  461050 __import_section_end

Imports
ClaASC.dll:ASCII 45F094
CLAFM3:ds_AddDriver 45F0B8
CLAFM3:ds_FileOpen 45F0BC,401000
CLAFM3:ds_IgnoreDriver 45F0C0
CLAFM3:ds_PassHandleForUpgrading 45F0C4
CLAFM3:ds_SetOption 45F0C8
CLAFM3:ds_UsingFileEx 45F0CC
ClaRUN.dll:Cla$ACCEPTED 45F4F0,401008
ClaRUN.dll:Cla$ADDqueue 45F4F4
ClaRUN.dll:Cla$ADDqueuekey 45F4F8,401010
ClaRUN.dll:Cla$ADDqueueptr 45F4FC
ClaRUN.dll:Cla$AssignLong2RefUfo 45F500
ClaRUN.dll:Cla$AssignReal2RefUfo 45F504
ClaRUN.dll:Cla$AssignRefUfo 45F508
ClaRUN.dll:Cla$BEEP 45F50C,401018
ClaRUN.dll:Cla$BindG 45F510
ClaRUN.dll:Cla$BLOB_GET_PROPERTY 45F514
ClaRUN.dll:Cla$BLOB_SET_PROPERTY 45F518
ClaRUN.dll:Cla$BLOB_TAKE 45F51C
ClaRUN.dll:Cla$BLOB_YIELD 45F520
ClaRUN.dll:Cla$BOX 45F524,401020
ClaRUN.dll:Cla$CHOICE 45F528,401028
ClaRUN.dll:Cla$CLEAR 45F52C
ClaRUN.dll:Cla$CLEARqueue 45F530
ClaRUN.dll:Cla$clearstr 45F534
ClaRUN.dll:Cla$ClearType 45F538
ClaRUN.dll:Cla$ClearUfo 45F53C
ClaRUN.dll:Cla$CLOCK 45F540,401030
ClaRUN.dll:Cla$CloneUfo 45F544
ClaRUN.dll:Cla$CLOSEwindow 45F548,401038
ClaRUN.dll:Cla$code 45F54C
ClaRUN.dll:Cla$COMMIT 45F550,401040
ClaRUN.dll:Cla$comparestr 45F554
ClaRUN.dll:Cla$CONVERTANSITOOEM 45F558,401048
ClaRUN.dll:Cla$CONVERTOEMTOANSI 45F55C,401050
ClaRUN.dll:Cla$CREATE 45F560
ClaRUN.dll:Cla$DATE 45F564,401058
ClaRUN.dll:Cla$DecAdd 45F568
ClaRUN.dll:Cla$DecCompareN 45F56C
ClaRUN.dll:Cla$DecDistinct 45F570
ClaRUN.dll:Cla$DecDistinctR 45F574
ClaRUN.dll:Cla$DecDivide 45F578
ClaRUN.dll:Cla$DecMul 45F57C
ClaRUN.dll:Cla$DecSub 45F580
ClaRUN.dll:Cla$DecSubR 45F584
ClaRUN.dll:Cla$DELETEqueue 45F588,401060
ClaRUN.dll:Cla$DELETEREG 45F58C,401068
ClaRUN.dll:Cla$DESTROY 45F590,401070
ClaRUN.dll:Cla$DInt 45F594
ClaRUN.dll:Cla$DISABLE 45F598,401078
ClaRUN.dll:Cla$DISPLAY 45F59C,401080
ClaRUN.dll:Cla$DISPOSEqueue 45F5A0
ClaRUN.dll:Cla$DISPOSEref 45F5A4
ClaRUN.dll:Cla$DISPOSEvref 45F5A8
ClaRUN.dll:Cla$Dlongpower 45F5AC
ClaRUN.dll:Cla$DPopDec 45F5B0
ClaRUN.dll:Cla$DPopLong 45F5B4
ClaRUN.dll:Cla$DPopReal 45F5B8
ClaRUN.dll:Cla$DPopUlong 45F5BC
ClaRUN.dll:Cla$DPushConstant 45F5C0
ClaRUN.dll:Cla$DPushDec 45F5C4
ClaRUN.dll:Cla$DPushLong 45F5C8
ClaRUN.dll:Cla$DPushReal 45F5CC
ClaRUN.dll:Cla$DPushULong 45F5D0
ClaRUN.dll:Cla$DRound 45F5D4
ClaRUN.dll:Cla$duplicate 45F5D8
ClaRUN.dll:Cla$ENABLE 45F5DC,401088
ClaRUN.dll:Cla$EndEventLoop 45F5E0
ClaRUN.dll:Cla$EndEventLoops 45F5E4
ClaRUN.dll:Cla$ERRORCODE 45F5E8,401090
ClaRUN.dll:Cla$ERRORFILE 45F5EC,401098
ClaRUN.dll:Cla$Evaluate 45F5F0,4010A0
ClaRUN.dll:Cla$EVENT 45F5F4,4010A8
ClaRUN.dll:Cla$FIELD 45F5F8,4010B0
ClaRUN.dll:Cla$FILEDIALOG 45F5FC,4010B8
ClaRUN.dll:Cla$FILEERRORCODE 45F600,4010C0
ClaRUN.dll:Cla$FILEERRORMSG 45F604,4010C8
ClaRUN.dll:Cla$FileExists 45F608,4010D0
ClaRUN.dll:Cla$FILE_ADDf 45F60C
ClaRUN.dll:Cla$FILE_BUFFER 45F610,4010D8
ClaRUN.dll:Cla$FILE_BUILDf 45F614,4010E0
ClaRUN.dll:CLA$FILE_CALLBACK 45F618,4010E8
ClaRUN.dll:Cla$FILE_CLEAR 45F61C
ClaRUN.dll:Cla$FILE_CLOSE 45F620,4010F0
ClaRUN.dll:Cla$FILE_CREATE 45F624
ClaRUN.dll:Cla$FILE_DELETE 45F628,4010F8
ClaRUN.dll:CLA$FILE_DESTROY 45F62C
ClaRUN.dll:Cla$FILE_DUPLICATEk 45F630,401100
ClaRUN.dll:Cla$FILE_FLUSH 45F634,401108
ClaRUN.dll:CLA$FILE_FREESTATE 45F638,401110
ClaRUN.dll:Cla$FILE_GETfk 45F63C
ClaRUN.dll:Cla$FILE_GETfl 45F640
ClaRUN.dll:Cla$FILE_GETNULLS 45F644,401118
ClaRUN.dll:CLA$FILE_GETSTATE 45F648,401120
ClaRUN.dll:Cla$FILE_GET_PROPERTY 45F64C
ClaRUN.dll:Cla$FILE_NAME 45F650,401128
ClaRUN.dll:Cla$FILE_NEXT 45F654,401130
ClaRUN.dll:Cla$FILE_NOMEMO 45F658,401138
ClaRUN.dll:Cla$FILE_POSITIONf 45F65C,401140
ClaRUN.dll:Cla$FILE_POSITIONk 45F660,401148
ClaRUN.dll:Cla$FILE_PREV 45F664,401150
ClaRUN.dll:Cla$FILE_PUTf 45F668
ClaRUN.dll:Cla$FILE_REGETf 45F66C,401158
ClaRUN.dll:Cla$FILE_REGETk 45F670,401160
ClaRUN.dll:Cla$FILE_RESETf 45F674,401168
ClaRUN.dll:Cla$FILE_RESETk 45F678,401170
ClaRUN.dll:CLA$FILE_RESTORESTATE 45F67C,401178
ClaRUN.dll:Cla$FILE_SEND 45F680,401180
ClaRUN.dll:Cla$FILE_SETk 45F684,401188
ClaRUN.dll:Cla$FILE_SETkk 45F688,401190
ClaRUN.dll:Cla$FILE_SETNULLS 45F68C,401198
ClaRUN.dll:Cla$FILE_SET_PROPERTY 45F690
ClaRUN.dll:Cla$FILE_WATCH 45F694,4011A0
ClaRUN.dll:Cla$FOCUS 45F698,4011A8
ClaRUN.dll:Cla$FREEqueue 45F69C
ClaRUN.dll:Cla$FREEqueuea 45F6A0,4011B0
ClaRUN.dll:Cla$freestr 45F6A4
ClaRUN.dll:Cla$FreeUfo 45F6A8
ClaRUN.dll:Cla$freewindow 45F6AC
ClaRUN.dll:Cla$GETGROUP 45F6B0,4011B8
ClaRUN.dll:Cla$GETINI 45F6B4,4011C0
ClaRUN.dll:Cla$GETPOSITION 45F6B8,4011C8
ClaRUN.dll:Cla$GetPropS 45F6BC
ClaRUN.dll:Cla$GETqueuekey 45F6C0,4011D0
ClaRUN.dll:Cla$GETqueueptr 45F6C4
ClaRUN.dll:Cla$GETREG 45F6C8,4011D8
ClaRUN.dll:Cla$Group2Ufo 45F6CC
ClaRUN.dll:Cla$HALT 45F6D0,4011E0
ClaRUN.dll:Cla$HIDE 45F6D4,4011E8
ClaRUN.dll:Cla$HOWMANY 45F6D8,4011F0
ClaRUN.dll:Cla$init 45F6DC
ClaRUN.dll:Cla$INSTANCE 45F6E0,4011F8
ClaRUN.dll:Cla$INT 45F6E4
ClaRUN.dll:Cla$IsAlpha 45F6E8,401200
ClaRUN.dll:Cla$isftolower 45F6EC,401208
ClaRUN.dll:Cla$isftoupper 45F6F0,401210
ClaRUN.dll:Cla$ISGROUP 45F6F4,401218
ClaRUN.dll:Cla$IsUfoString 45F6F8,401220
ClaRUN.dll:Cla$KEYCODE 45F6FC,401228
ClaRUN.dll:Cla$KEY_GET_PROPERTY 45F700
ClaRUN.dll:Cla$LASTFIELD 45F704,401230
ClaRUN.dll:Cla$LINE 45F708,401238
ClaRUN.dll:Cla$LOGOUT 45F70C,401240
ClaRUN.dll:Cla$LONGPATH 45F710,401248
ClaRUN.dll:Cla$longtostr 45F714
ClaRUN.dll:Cla$Mem2Ufo 45F718
ClaRUN.dll:Cla$MessageBox 45F71C,401250
ClaRUN.dll:Cla$modulus 45F720
ClaRUN.dll:Cla$MONTH 45F724,401258
ClaRUN.dll:Cla$MOUSEX 45F728,401260
ClaRUN.dll:Cla$MOUSEY 45F72C,401268
ClaRUN.dll:Cla$NewMemB 45F730
ClaRUN.dll:Cla$NewMemT 45F734
ClaRUN.dll:Cla$NewMemZ 45F738
ClaRUN.dll:Cla$NEWqueue 45F73C
ClaRUN.dll:Cla$NOTIFICATION 45F740,401270
ClaRUN.dll:Cla$OPENowned 45F744,401278
ClaRUN.dll:Cla$OPENwindow 45F748,401280
ClaRUN.dll:Cla$PEEK 45F74C
ClaRUN.dll:Cla$POINTERqueue 45F750,401288
ClaRUN.dll:Cla$PopAString 45F754
ClaRUN.dll:Cla$PopBind 45F758,401290
ClaRUN.dll:Cla$PopCString 45F75C
ClaRUN.dll:Cla$PopPString 45F760
ClaRUN.dll:Cla$PopReal 45F764
ClaRUN.dll:Cla$PopString 45F768
ClaRUN.dll:Cla$PopTemp 45F76C
ClaRUN.dll:Cla$POPUP 45F770,401298
ClaRUN.dll:Cla$POST 45F774,4012A0
ClaRUN.dll:Cla$PRESSKEY 45F778,4012A8
ClaRUN.dll:Cla$PushAString 45F77C
ClaRUN.dll:Cla$PushBind 45F780,4012B0
ClaRUN.dll:Cla$PushCString 45F784
ClaRUN.dll:Cla$PushLong 45F788
ClaRUN.dll:Cla$PushPictDec 45F78C
ClaRUN.dll:Cla$PushPictLong 45F790
ClaRUN.dll:Cla$PushReal 45F794
ClaRUN.dll:Cla$PushString 45F798
ClaRUN.dll:Cla$PushTemp 45F79C
ClaRUN.dll:Cla$PushUfo 45F7A0
ClaRUN.dll:Cla$PUTINI 45F7A4,4012B8
ClaRUN.dll:Cla$PUTqueue 45F7A8
ClaRUN.dll:Cla$PUTqueuekey 45F7AC,4012C0
ClaRUN.dll:Cla$PUTREG 45F7B0,4012C8
ClaRUN.dll:Cla$pwopen 45F7B4,4012D0
ClaRUN.dll:Cla$realdistinct 45F7B8
ClaRUN.dll:Cla$RECORDSqueue 45F7BC,4012D8
ClaRUN.dll:Cla$RefAssignAny 45F7C0
ClaRUN.dll:Cla$REGISTEREVENT 45F7C4,4012E0
ClaRUN.dll:Cla$REGULAR 45F7C8,4012E8
ClaRUN.dll:Cla$RemoveFile 45F7CC,4012F0
ClaRUN.dll:Cla$ROLLBACK 45F7D0,4012F8
ClaRUN.dll:Cla$rterr 45F7D4,401300
ClaRUN.dll:Cla$SELECT 45F7D8,401308
ClaRUN.dll:Cla$SETCURSOR 45F7DC,401310
ClaRUN.dll:Cla$SETKEYCODE 45F7E0,401318
ClaRUN.dll:Cla$SETPATH 45F7E4,401320
ClaRUN.dll:Cla$SETPENCOLOR 45F7E8,401328
ClaRUN.dll:Cla$SETPOSITION 45F7EC,401330
ClaRUN.dll:Cla$SetPropF 45F7F0
ClaRUN.dll:Cla$SetPropS 45F7F4
ClaRUN.dll:Cla$SetPropV 45F7F8
ClaRUN.dll:Cla$SETTARGET 45F7FC,401338
ClaRUN.dll:Cla$SHORTPATH 45F800,401340
ClaRUN.dll:Cla$SORTqueuefkey 45F804
ClaRUN.dll:Cla$SORTqueuekey 45F808,401348
ClaRUN.dll:Cla$Stack2DStack 45F80C
ClaRUN.dll:Cla$Stack2Ufo 45F810
ClaRUN.dll:Cla$StackALL 45F814,401350
ClaRUN.dll:Cla$StackCLIP 45F818,401358
ClaRUN.dll:Cla$StackCompare 45F81C
ClaRUN.dll:Cla$StackCompareN 45F820
ClaRUN.dll:Cla$StackCompareNEQ 45F824
ClaRUN.dll:Cla$StackCompareR 45F828
ClaRUN.dll:Cla$StackConcat 45F82C
ClaRUN.dll:Cla$StackConcatR 45F830
ClaRUN.dll:Cla$StackDEFORMAT2 45F834
ClaRUN.dll:Cla$StackErrstr 45F838,401360
ClaRUN.dll:Cla$StackFORMAT2 45F83C
ClaRUN.dll:Cla$StackHeap 45F840
ClaRUN.dll:Cla$StackINLIST 45F844
ClaRUN.dll:Cla$StackINSTRING 45F848,401368
ClaRUN.dll:Cla$StackLEFT 45F84C,401370
ClaRUN.dll:Cla$StackLen 45F850,401378
ClaRUN.dll:Cla$StackLOWER 45F854,401380
ClaRUN.dll:Cla$StackNUMERIC 45F858,401388
ClaRUN.dll:Cla$STACKpop 45F85C
ClaRUN.dll:Cla$StackRIGHT 45F860,401390
ClaRUN.dll:Cla$StackRotate 45F864
ClaRUN.dll:Cla$StackSUB 45F868,401398
ClaRUN.dll:Cla$StackUPPER 45F86C,4013A0
ClaRUN.dll:Cla$StackVAL 45F870
ClaRUN.dll:Cla$START2 45F874,4013A8
ClaRUN.dll:Cla$StartEventLoop 45F878
ClaRUN.dll:Cla$storecstr 45F87C
ClaRUN.dll:Cla$storepstr 45F880
ClaRUN.dll:Cla$storestr 45F884
ClaRUN.dll:Cla$String2Ref 45F888
ClaRUN.dll:Cla$THREAD 45F88C,4013B0
ClaRUN.dll:Cla$THREAD_FILE 45F890
ClaRUN.dll:Cla$TODAY 45F894,4013B8
ClaRUN.dll:Cla$Ufo2Real 45F898
ClaRUN.dll:Cla$UfoCompareN 45F89C
ClaRUN.dll:Cla$Ufodistinct 45F8A0
ClaRUN.dll:Cla$UNHIDE 45F8A4,4013C0
ClaRUN.dll:Cla$UNREGISTEREVENT 45F8A8,4013C8
ClaRUN.dll:Cla$UPDATE 45F8AC,4013D0
ClaRUN.dll:Cla$VIEW_RESETvf 45F8B0,4013D8
ClaRUN.dll:Cla$VIEW_SETvl 45F8B4,4013E0
ClaRUN.dll:Cla$WHAT 45F8B8,4013E8
ClaRUN.dll:Cla$WHOqueue 45F8BC,4013F0
ClaRUN.dll:Cla$YEAR 45F8C0,4013F8
ClaRUN.dll:Cla$YIELD 45F8C4,401400
ClaRUN.dll:NewCriticalSection 45F8C8,401408
ClaRUN.dll:THR$GetInstance 45F8CC,401410
ClaRUN.dll:VIEWDRIVER 45F8D0
ClaRUN.dll:_exit 45F8D4,401418
ClaRUN.dll:_free 45F8D8
ClaRUN.dll:_malloc 45F8DC
ClaRUN.dll:_memchr 45F8E0,401420
ClaRUN.dll:_memcmp 45F8E4,401428
ClaRUN.dll:_memcpy 45F8E8,401430
ClaRUN.dll:_memicmp 45F8EC,401438
ClaRUN.dll:_memmove 45F8F0,401440
ClaRUN.dll:_memset 45F8F4,401448
ClaRUN.dll:_rand 45F8F8,401450
ClaRUN.dll:_srand 45F8FC,401458
ClaRUN.dll:__sysinit 45F900,401460
ClaRUN.dll:__sysstart 45F904,401468
ClaTPS.dll:TOPSPEED 45F914
KERNEL32.dll:CloseHandle 45F958,401470
KERNEL32.dll:CreateFileA 45F95C,401478
KERNEL32.dll:FormatMessageA 45F960,401480
KERNEL32.dll:GetCurrentProcessId 45F964,401488
KERNEL32.dll:GetFileSize 45F968,401490
KERNEL32.dll:GetLastError 45F96C,401498
KERNEL32.dll:GetProcAddress 45F970,4014A0
KERNEL32.dll:LoadLibraryA 45F974,4014A8
KERNEL32.dll:MultiByteToWideChar 45F978,4014B0
KERNEL32.dll:OutputDebugStringA 45F97C,4014B8
KERNEL32.dll:ReadFile 45F980,4014C0
KERNEL32.dll:SetFilePointer 45F984,4014C8
KERNEL32.dll:WideCharToMultiByte 45F988,4014D0
KERNEL32.dll:WriteFile 45F98C,4014D8
USER32.dll:GetSysColor 45F9A0,4014E0
USER32.dll:InvalidateRect 45F9A4,4014E8



Entry Point:   41AFAC